=== cargo check --workspace ===
   Compiling proc-macro2 v1.0.107
   Compiling quote v1.0.47
   Compiling unicode-ident v1.0.24
   Compiling libc v0.2.189
    Checking cfg-if v1.0.4
   Compiling serde_core v1.0.229
   Compiling version_check v0.9.5
   Compiling serde v1.0.229
   Compiling zmij v1.0.23
    Checking typenum v1.20.1
   Compiling serde_json v1.0.151
    Checking itoa v1.0.18
    Checking memchr v2.8.3
   Compiling autocfg v1.5.1
    Checking ryg-rans-rs-core v0.1.30 (/tmp/ryg-baseline/crates/ryg-rans-rs-core)
   Compiling zerocopy v0.8.55
    Checking cpufeatures v0.2.17
   Compiling rustix v1.1.4
    Checking utf8parse v0.2.2
    Checking bitflags v2.13.1
    Checking linux-raw-sys v0.12.1
    Checking anstyle-parse v1.0.0
    Checking colorchoice v1.0.5
    Checking is_terminal_polyfill v1.70.2
    Checking anstyle v1.0.14
    Checking anstyle-query v1.1.5
    Checking strsim v0.11.1
    Checking clap_lex v1.1.0
   Compiling find-msvc-tools v0.1.9
    Checking ryg-rans-rs-simd v0.1.30 (/tmp/ryg-baseline/crates/ryg-rans-rs-simd)
   Compiling generic-array v0.14.7
   Compiling heck v0.5.0
   Compiling shlex v2.0.1
    Checking anstream v1.0.0
   Compiling pkg-config v0.3.33
    Checking hex v0.4.3
   Compiling num-traits v0.2.19
   Compiling crossbeam-utils v0.8.22
    Checking ciborium-io v0.2.2
    Checking regex-syntax v0.8.11
warning: unnecessary `unsafe` block
   --> crates/ryg-rans-rs-simd/src/avx2.rs:255:5
    |
255 |     unsafe {
    |     ^^^^^^ unnecessary `unsafe` block
    |
    = note: `#[warn(unused_unsafe)]` (part of `#[warn(unused)]`) on by default

warning: unnecessary `unsafe` block
   --> crates/ryg-rans-rs-simd/src/avx2.rs:297:5
    |
297 |     unsafe {
    |     ^^^^^^ unnecessary `unsafe` block

    Checking iana-time-zone v0.1.65
    Checking either v1.17.0
    Checking same-file v1.0.6
warning: unnecessary `unsafe` block
   --> crates/ryg-rans-rs-simd/src/backends.rs:438:5
    |
438 |     unsafe {
    |     ^^^^^^ unnecessary `unsafe` block

warning: unused variable: `compressed`
   --> crates/ryg-rans-rs-simd/src/backends.rs:434:5
    |
434 |     compressed: &[u16],
    |     ^^^^^^^^^^ help: if this is intentional, prefix it with an underscore: `_compressed`
    |
    = note: `#[warn(unused_variables)]` (part of `#[warn(unused)]`) on by default

warning: unused variable: `table`
   --> crates/ryg-rans-rs-simd/src/backends.rs:435:5
    |
435 |     table: &PackedWordTable,
    |     ^^^^^ help: if this is intentional, prefix it with an underscore: `_table`

warning: unused variable: `output`
   --> crates/ryg-rans-rs-simd/src/backends.rs:436:5
    |
436 |     output: &mut [u8],
    |     ^^^^^^ help: if this is intentional, prefix it with an underscore: `_output`

warning: unnecessary `unsafe` block
   --> crates/ryg-rans-rs-simd/src/backends.rs:459:5
    |
459 |     unsafe {
    |     ^^^^^^ unnecessary `unsafe` block

warning: unused variable: `compressed`
   --> crates/ryg-rans-rs-simd/src/backends.rs:455:5
    |
455 |     compressed: &[u16],
    |     ^^^^^^^^^^ help: if this is intentional, prefix it with an underscore: `_compressed`

warning: unused variable: `table`
   --> crates/ryg-rans-rs-simd/src/backends.rs:456:5
    |
456 |     table: &PackedWordTable,
    |     ^^^^^ help: if this is intentional, prefix it with an underscore: `_table`

warning: unused variable: `expected_len`
   --> crates/ryg-rans-rs-simd/src/backends.rs:457:5
    |
457 |     expected_len: usize,
    |     ^^^^^^^^^^^^ help: if this is intentional, prefix it with an underscore: `_expected_len`

warning: unnecessary `unsafe` block
   --> crates/ryg-rans-rs-simd/src/backends.rs:487:5
    |
487 |     unsafe {
    |     ^^^^^^ unnecessary `unsafe` block

warning: unused variable: `compressed`
   --> crates/ryg-rans-rs-simd/src/backends.rs:483:5
    |
483 |     compressed: &[u16],
    |     ^^^^^^^^^^ help: if this is intentional, prefix it with an underscore: `_compressed`

warning: unused variable: `table`
   --> crates/ryg-rans-rs-simd/src/backends.rs:484:5
    |
484 |     table: &PackedWordTable,
    |     ^^^^^ help: if this is intentional, prefix it with an underscore: `_table`

warning: unused variable: `output`
   --> crates/ryg-rans-rs-simd/src/backends.rs:485:5
    |
485 |     output: &mut [u8],
    |     ^^^^^^ help: if this is intentional, prefix it with an underscore: `_output`

warning: unnecessary `unsafe` block
   --> crates/ryg-rans-rs-simd/src/backends.rs:506:5
    |
506 |     unsafe {
    |     ^^^^^^ unnecessary `unsafe` block

warning: unused variable: `compressed`
   --> crates/ryg-rans-rs-simd/src/backends.rs:502:5
    |
502 |     compressed: &[u16],
    |     ^^^^^^^^^^ help: if this is intentional, prefix it with an underscore: `_compressed`

warning: unused variable: `table`
   --> crates/ryg-rans-rs-simd/src/backends.rs:503:5
    |
503 |     table: &PackedWordTable,
    |     ^^^^^ help: if this is intentional, prefix it with an underscore: `_table`

warning: unused variable: `expected_len`
   --> crates/ryg-rans-rs-simd/src/backends.rs:504:5
    |
504 |     expected_len: usize,
    |     ^^^^^^^^^^^^ help: if this is intentional, prefix it with an underscore: `_expected_len`

warning: unnecessary `unsafe` block
   --> crates/ryg-rans-rs-simd/src/backends.rs:534:5
    |
534 |     unsafe {
    |     ^^^^^^ unnecessary `unsafe` block

warning: unused variable: `compressed`
   --> crates/ryg-rans-rs-simd/src/backends.rs:530:5
    |
530 |     compressed: &[u16],
    |     ^^^^^^^^^^ help: if this is intentional, prefix it with an underscore: `_compressed`

warning: unused variable: `table`
   --> crates/ryg-rans-rs-simd/src/backends.rs:531:5
    |
531 |     table: &PackedWordTable,
    |     ^^^^^ help: if this is intentional, prefix it with an underscore: `_table`

warning: unused variable: `output`
   --> crates/ryg-rans-rs-simd/src/backends.rs:532:5
    |
532 |     output: &mut [u8],
    |     ^^^^^^ help: if this is intentional, prefix it with an underscore: `_output`

warning: unnecessary `unsafe` block
   --> crates/ryg-rans-rs-simd/src/backends.rs:553:5
    |
553 |     unsafe {
    |     ^^^^^^ unnecessary `unsafe` block

warning: unused variable: `compressed`
   --> crates/ryg-rans-rs-simd/src/backends.rs:549:5
    |
549 |     compressed: &[u16],
    |     ^^^^^^^^^^ help: if this is intentional, prefix it with an underscore: `_compressed`

warning: unused variable: `table`
   --> crates/ryg-rans-rs-simd/src/backends.rs:550:5
    |
550 |     table: &PackedWordTable,
    |     ^^^^^ help: if this is intentional, prefix it with an underscore: `_table`

warning: unused variable: `expected_len`
   --> crates/ryg-rans-rs-simd/src/backends.rs:551:5
    |
551 |     expected_len: usize,
    |     ^^^^^^^^^^^^ help: if this is intentional, prefix it with an underscore: `_expected_len`

warning: unnecessary `unsafe` block
   --> crates/ryg-rans-rs-simd/src/backends.rs:578:5
    |
578 |     unsafe {
    |     ^^^^^^ unnecessary `unsafe` block

warning: unused variable: `compressed`
   --> crates/ryg-rans-rs-simd/src/backends.rs:574:5
    |
574 |     compressed: &[u16],
    |     ^^^^^^^^^^ help: if this is intentional, prefix it with an underscore: `_compressed`

warning: unused variable: `table`
   --> crates/ryg-rans-rs-simd/src/backends.rs:575:5
    |
575 |     table: &PackedWordTable,
    |     ^^^^^ help: if this is intentional, prefix it with an underscore: `_table`

warning: unused variable: `output`
   --> crates/ryg-rans-rs-simd/src/backends.rs:576:5
    |
576 |     output: &mut [u8],
    |     ^^^^^^ help: if this is intentional, prefix it with an underscore: `_output`

warning: unnecessary `unsafe` block
   --> crates/ryg-rans-rs-simd/src/backends.rs:602:5
    |
602 |     unsafe {
    |     ^^^^^^ unnecessary `unsafe` block

warning: unused variable: `compressed`
   --> crates/ryg-rans-rs-simd/src/backends.rs:598:5
    |
598 |     compressed: &[u16],
    |     ^^^^^^^^^^ help: if this is intentional, prefix it with an underscore: `_compressed`

warning: unused variable: `table`
   --> crates/ryg-rans-rs-simd/src/backends.rs:599:5
    |
599 |     table: &PackedWordTable,
    |     ^^^^^ help: if this is intentional, prefix it with an underscore: `_table`

warning: unused variable: `expected_len`
   --> crates/ryg-rans-rs-simd/src/backends.rs:600:5
    |
600 |     expected_len: usize,
    |     ^^^^^^^^^^^^ help: if this is intentional, prefix it with an underscore: `_expected_len`

warning: unnecessary `unsafe` block
   --> crates/ryg-rans-rs-simd/src/backends.rs:678:5
    |
678 |     unsafe {
    |     ^^^^^^ unnecessary `unsafe` block

warning: unused variable: `compressed`
   --> crates/ryg-rans-rs-simd/src/backends.rs:674:5
    |
674 |     compressed: &[u16],
    |     ^^^^^^^^^^ help: if this is intentional, prefix it with an underscore: `_compressed`

warning: unused variable: `table`
   --> crates/ryg-rans-rs-simd/src/backends.rs:675:5
    |
675 |     table: &PackedWordTable,
    |     ^^^^^ help: if this is intentional, prefix it with an underscore: `_table`

warning: unused variable: `output`
   --> crates/ryg-rans-rs-simd/src/backends.rs:676:5
    |
676 |     output: &mut [u8],
    |     ^^^^^^ help: if this is intentional, prefix it with an underscore: `_output`

warning: unnecessary `unsafe` block
   --> crates/ryg-rans-rs-simd/src/backends.rs:702:5
    |
702 |     unsafe {
    |     ^^^^^^ unnecessary `unsafe` block

warning: unused variable: `compressed`
   --> crates/ryg-rans-rs-simd/src/backends.rs:698:5
    |
698 |     compressed: &[u16],
    |     ^^^^^^^^^^ help: if this is intentional, prefix it with an underscore: `_compressed`

warning: unused variable: `table`
   --> crates/ryg-rans-rs-simd/src/backends.rs:699:5
    |
699 |     table: &PackedWordTable,
    |     ^^^^^ help: if this is intentional, prefix it with an underscore: `_table`

warning: unused variable: `expected_len`
   --> crates/ryg-rans-rs-simd/src/backends.rs:700:5
    |
700 |     expected_len: usize,
    |     ^^^^^^^^^^^^ help: if this is intentional, prefix it with an underscore: `_expected_len`

    Checking cast v0.3.0
   Compiling zstd-safe v7.2.4
    Checking walkdir v2.5.0
warning: function `avx2_renorm_mask_8way` is never used
   --> crates/ryg-rans-rs-simd/src/avx2.rs:254:11
    |
254 | unsafe fn avx2_renorm_mask_8way(states: __m256i) -> u8 {
    |           ^^^^^^^^^^^^^^^^^^^^^
    |
    = note: `#[warn(dead_code)]` (part of `#[warn(unused)]`) on by default

warning: function `mask_to_blend_epi32` is never used
   --> crates/ryg-rans-rs-simd/src/avx2.rs:296:11
    |
296 | unsafe fn mask_to_blend_epi32(mask_u8: u8) -> __m256i {
    |           ^^^^^^^^^^^^^^^^^^^

    Checking once_cell v1.21.4
warning: `ryg-rans-rs-simd` (lib) generated 44 warnings (run `cargo fix --lib -p ryg-rans-rs-simd` to apply 30 suggestions)
    Checking oorandom v11.1.5
    Checking anes v0.1.6
    Checking ryg-rans-rs v0.1.30 (/tmp/ryg-baseline/crates/ryg-rans-rs)
    Checking itertools v0.10.5
    Checking pico-args v0.5.0
   Compiling syn v3.0.3
   Compiling syn v2.0.119
    Checking crossbeam-channel v0.5.16
    Checking terminal_size v0.4.4
    Checking clap_builder v4.6.2
    Checking regex-automata v0.4.16
    Checking crypto-common v0.1.7
    Checking block-buffer v0.10.4
    Checking digest v0.10.7
   Compiling jobserver v0.1.35
    Checking getrandom v0.2.17
    Checking is-terminal v0.4.17
    Checking rand_core v0.6.4
    Checking sha2 v0.10.9
   Compiling cc v1.4.0
    Checking criterion-plot v0.5.0
    Checking regex v1.13.1
   Compiling zstd-sys v2.0.16+zstd.1.5.7
   Compiling zerocopy-derive v0.8.55
   Compiling serde_derive v1.0.229
   Compiling clap_derive v4.6.4
    Checking clap v4.6.4
    Checking clap_complete v4.6.8
    Checking ryg-rans-rs-casefile v0.1.30 (/tmp/ryg-baseline/crates/ryg-rans-rs-casefile)
    Checking chrono v0.4.45
    Checking tinytemplate v1.2.1
    Checking ryg-rans-rs-parallel v0.1.30 (/tmp/ryg-baseline/crates/ryg-rans-rs-parallel)
    Checking ryg-rans-rs-cli v0.1.30 (/tmp/ryg-baseline/crates/ryg-rans-rs-cli)
warning: unused import: `IntegrityError`
 --> crates/ryg-rans-rs-cli/src/container/block.rs:7:43
  |
7 | use crate::error::{AppError, FormatError, IntegrityError};
  |                                           ^^^^^^^^^^^^^^
  |
  = note: `#[warn(unused_imports)]` (part of `#[warn(unused)]`) on by default

warning: unused imports: `Digest` and `Sha256`
 --> crates/ryg-rans-rs-cli/src/container/footer.rs:5:12
  |
5 | use sha2::{Digest, Sha256};
  |            ^^^^^^  ^^^^^^

warning: unused import: `crate::container::MAGIC`
 --> crates/ryg-rans-rs-cli/src/container/writer.rs:3:5
  |
3 | use crate::container::MAGIC;
  |     ^^^^^^^^^^^^^^^^^^^^^^^

warning: unused import: `std::sync::Arc`
  --> crates/ryg-rans-rs-cli/src/error.rs:14:5
   |
14 | use std::sync::Arc;
   |     ^^^^^^^^^^^^^^

warning: unused imports: `FormatError`, `InternalInvariantError`, and `IoError`
  --> crates/ryg-rans-rs-cli/src/lib.rs:21:13
   |
21 | use error::{FormatError, InternalInvariantError, IoError};
   |             ^^^^^^^^^^^  ^^^^^^^^^^^^^^^^^^^^^^  ^^^^^^^

warning: unused import: `Generator`
   --> crates/ryg-rans-rs-cli/src/lib.rs:515:25
    |
515 |     use clap_complete::{Generator, generate};
    |                         ^^^^^^^^^

warning: unused import: `ryg_rans_rs_simd::backends::DecodeError`
   --> crates/ryg-rans-rs-parallel/src/decode.rs:785:9
    |
785 |     use ryg_rans_rs_simd::backends::DecodeError;
    |         ^^^^^^^^^^^^^^^^^^^^^^^^^^^^^^^^^^^^^^^
    |
    = note: `#[warn(unused_imports)]` (part of `#[warn(unused)]`) on by default

    Checking zstd v0.13.3
warning: unused variable: `e`
   --> crates/ryg-rans-rs-parallel/src/decode.rs:271:73
    |
271 |     let (header, _model_offset) = parse_block_header(data, bi).map_err(|e| BlockError {
    |                                                                         ^ help: if this is intentional, prefix it with an underscore: `_e`
    |
    = note: `#[warn(unused_variables)]` (part of `#[warn(unused)]`) on by default

warning: `ryg-rans-rs-cli` (lib) generated 6 warnings (run `cargo fix --lib -p ryg-rans-rs-cli` to apply 6 suggestions)
warning: unused variable: `cpu_has_avx512`
   --> crates/ryg-rans-rs-parallel/src/decode_plan.rs:109:5
    |
109 |     cpu_has_avx512: bool,
    |     ^^^^^^^^^^^^^^ help: if this is intentional, prefix it with an underscore: `_cpu_has_avx512`

warning: unused variable: `cpu_has_avx512vl`
   --> crates/ryg-rans-rs-parallel/src/decode_plan.rs:110:5
    |
110 |     cpu_has_avx512vl: bool,
    |     ^^^^^^^^^^^^^^^^ help: if this is intentional, prefix it with an underscore: `_cpu_has_avx512vl`

warning: unused variable: `cpu_has_avx2`
   --> crates/ryg-rans-rs-parallel/src/decode_plan.rs:111:5
    |
111 |     cpu_has_avx2: bool,
    |     ^^^^^^^^^^^^ help: if this is intentional, prefix it with an underscore: `_cpu_has_avx2`

warning: unused variable: `e`
   --> crates/ryg-rans-rs-parallel/src/verify.rs:263:73
    |
263 |     let (header, _model_offset) = parse_block_header(data, bi).map_err(|e| BlockError {
    |                                                                         ^ help: if this is intentional, prefix it with an underscore: `_e`

warning: function `scalar8_fallback` is never used
   --> crates/ryg-rans-rs-parallel/src/decode.rs:590:4
    |
590 | fn scalar8_fallback(
    |    ^^^^^^^^^^^^^^^^
    |
    = note: `#[warn(dead_code)]` (part of `#[warn(unused)]`) on by default

warning: function `decode_16way_pure_scalar` is never used
    --> crates/ryg-rans-rs-parallel/src/decode.rs:1201:4
     |
1201 | fn decode_16way_pure_scalar(
     |    ^^^^^^^^^^^^^^^^^^^^^^^^

warning: function `decode_8way_pure_scalar` is never used
    --> crates/ryg-rans-rs-parallel/src/decode.rs:1288:4
     |
1288 | fn decode_8way_pure_scalar(
     |    ^^^^^^^^^^^^^^^^^^^^^^^

warning: function `find_symbol_from_freqs` is never used
    --> crates/ryg-rans-rs-parallel/src/decode.rs:1372:4
     |
1372 | fn find_symbol_from_freqs(freqs: &[u32], slot: usize) -> u8 {
     |    ^^^^^^^^^^^^^^^^^^^^^^

warning: function `decode_8way_from_freqs` is never used
    --> crates/ryg-rans-rs-parallel/src/decode.rs:1407:4
     |
1407 | fn decode_8way_from_freqs(
     |    ^^^^^^^^^^^^^^^^^^^^^^

warning: field `max_retain` is never read
  --> crates/ryg-rans-rs-parallel/src/scratch.rs:88:5
   |
76 | pub struct WorkerScratch {
   |            ------------- field in this struct
...
88 |     max_retain: usize,
   |     ^^^^^^^^^^
   |
   = note: `WorkerScratch` has a derived impl for the trait `Debug`, but this is intentionally ignored during dead code analysis

warning: `ryg-rans-rs-parallel` (lib) generated 12 warnings (run `cargo fix --lib -p ryg-rans-rs-parallel` to apply 6 suggestions)
    Checking ryg-rans-rs-oracle v0.1.30 (/tmp/ryg-baseline/crates/ryg-rans-rs-oracle)
warning: unused import: `ryg_rans_rs_casefile as casefile`
  --> crates/ryg-rans-rs-oracle/src/phase_g.rs:10:5
   |
10 | use ryg_rans_rs_casefile as casefile;
   |     ^^^^^^^^^^^^^^^^^^^^^^^^^^^^^^^^
   |
   = note: `#[warn(unused_imports)]` (part of `#[warn(unused)]`) on by default

warning: unused imports: `DecodeResult`, `decode_interleaved16_scalar`, and `decode_interleaved8_scalar`
  --> crates/ryg-rans-rs-oracle/src/phase_g.rs:12:20
   |
12 |     DecodeBackend, DecodeResult, decode_interleaved8_avx512vl, decode_interleaved8_scalar,
   |                    ^^^^^^^^^^^^                                ^^^^^^^^^^^^^^^^^^^^^^^^^^
13 |     decode_interleaved16_avx512, decode_interleaved16_scalar,
   |                                  ^^^^^^^^^^^^^^^^^^^^^^^^^^^

warning: unused import: `std::collections::BTreeMap`
  --> crates/ryg-rans-rs-oracle/src/phase_g.rs:22:5
   |
22 | use std::collections::BTreeMap;
   |     ^^^^^^^^^^^^^^^^^^^^^^^^^^

warning: unexpected `cfg` condition value: `std`
   --> crates/ryg-rans-rs-oracle/src/phase_g.rs:663:56
    |
663 |                 #[cfg(any(target_feature = "avx512bw", feature = "std"))]
    |                                                        ^^^^^^^^^^^^^^^ help: remove the condition
    |
    = note: no expected values for `feature`
    = help: consider adding `std` as a feature in `Cargo.toml`
    = note: see <https://doc.rust-lang.org/nightly/rustc/check-cfg/cargo-specifics.html> for more information about checking conditional configuration
    = note: `#[warn(unexpected_cfgs)]` on by default

warning: unused import: `decode_simd_8way`
  --> crates/ryg-rans-rs-oracle/src/lib.rs:10:74
   |
10 |     RansWordTables as SimdTables, build_word_tables, decode_8way_scalar, decode_simd_8way,
   |                                                                          ^^^^^^^^^^^^^^^^

warning: unused imports: `ALIAS_LOG2_NSYMS`, `ALIAS_NSYMS`, `AliasTable`, `BackwardWord16Writer`, `BackwardWord32Writer`, `ByteInterleavedDecoder`, `ByteInterleavedEncoder`, `ByteReader`, `ForwardReader`, `Rans64DecSymbol`, `Rans64EncSymbol`, `Rans64State`, `RansByteDecSymbol`, `RansWordSlot`, `RansWordState`, `RansWordTables`, `SliceBackwardWriter`, `Word16Reader`, `Word32Reader`, `rans64_dec_advance_step`, `rans64_dec_advance_symbol_step`, `rans64_dec_advance_symbol`, `rans64_dec_advance`, `rans64_dec_get`, `rans64_dec_init`, `rans64_dec_renorm`, `rans64_enc_flush`, `rans64_enc_put_symbol`, `rans64_enc_put`, `rans_byte_alias_build_table`, `rans_byte_alias_dec_advance`, `rans_byte_alias_dec_get`, `rans_byte_alias_dec_renorm`, `rans_byte_alias_enc_put`, `rans_byte_alias_normalize_freqs`, `rans_byte_dec_advance_step`, `rans_byte_dec_advance_symbol_step`, `rans_byte_dec_advance_symbol`, `rans_byte_dec_advance`, `rans_byte_dec_get`, `rans_byte_dec_init`, `rans_byte_dec_renorm`, `rans_word_dec_init`, `rans_word_dec_renorm`, `rans_word_dec_sym`, `rans_word_enc_flush`, and `rans_word_enc_put`
    --> crates/ryg-rans-rs-oracle/src/lib.rs:1207:13
     |
1207 |             ALIAS_LOG2_NSYMS, ALIAS_NSYMS, AliasTable, BackwardByteWriter, BackwardWord16Writer,
     |             ^^^^^^^^^^^^^^^^  ^^^^^^^^^^^  ^^^^^^^^^^                      ^^^^^^^^^^^^^^^^^^^^
1208 |             BackwardWord32Writer, ByteInterleavedDecoder, ByteInterleavedEncoder, ByteReader,
     |             ^^^^^^^^^^^^^^^^^^^^  ^^^^^^^^^^^^^^^^^^^^^^  ^^^^^^^^^^^^^^^^^^^^^^  ^^^^^^^^^^
1209 |             ForwardReader, Rans64DecSymbol, Rans64EncSymbol, Rans64State, RansByteDecSymbol,
     |             ^^^^^^^^^^^^^  ^^^^^^^^^^^^^^^  ^^^^^^^^^^^^^^^  ^^^^^^^^^^^  ^^^^^^^^^^^^^^^^^
1210 |             RansByteEncSymbol, RansByteState, RansWordSlot, RansWordState, RansWordTables,
     |                                               ^^^^^^^^^^^^  ^^^^^^^^^^^^^  ^^^^^^^^^^^^^^
1211 |             SliceBackwardWriter, Word16Reader, Word32Reader, rans_byte_alias_build_table,
     |             ^^^^^^^^^^^^^^^^^^^  ^^^^^^^^^^^^  ^^^^^^^^^^^^  ^^^^^^^^^^^^^^^^^^^^^^^^^^^
1212 |             rans_byte_alias_dec_advance, rans_byte_alias_dec_get, rans_byte_alias_dec_renorm,
     |             ^^^^^^^^^^^^^^^^^^^^^^^^^^^  ^^^^^^^^^^^^^^^^^^^^^^^  ^^^^^^^^^^^^^^^^^^^^^^^^^^
1213 |             rans_byte_alias_enc_put, rans_byte_alias_normalize_freqs, rans_byte_dec_advance,
     |             ^^^^^^^^^^^^^^^^^^^^^^^  ^^^^^^^^^^^^^^^^^^^^^^^^^^^^^^^  ^^^^^^^^^^^^^^^^^^^^^
1214 |             rans_byte_dec_advance_step, rans_byte_dec_advance_symbol,
     |             ^^^^^^^^^^^^^^^^^^^^^^^^^^  ^^^^^^^^^^^^^^^^^^^^^^^^^^^^
1215 |             rans_byte_dec_advance_symbol_step, rans_byte_dec_get, rans_byte_dec_init,
     |             ^^^^^^^^^^^^^^^^^^^^^^^^^^^^^^^^^  ^^^^^^^^^^^^^^^^^  ^^^^^^^^^^^^^^^^^^
1216 |             rans_byte_dec_renorm, rans_byte_enc_flush, rans_byte_enc_put, rans_byte_enc_put_symbol,
     |             ^^^^^^^^^^^^^^^^^^^^
1217 |             rans_word_dec_init, rans_word_dec_renorm, rans_word_dec_sym, rans_word_enc_flush,
     |             ^^^^^^^^^^^^^^^^^^  ^^^^^^^^^^^^^^^^^^^^  ^^^^^^^^^^^^^^^^^  ^^^^^^^^^^^^^^^^^^^
1218 |             rans_word_enc_put, rans64_dec_advance, rans64_dec_advance_step,
     |             ^^^^^^^^^^^^^^^^^  ^^^^^^^^^^^^^^^^^^  ^^^^^^^^^^^^^^^^^^^^^^^
1219 |             rans64_dec_advance_symbol, rans64_dec_advance_symbol_step, rans64_dec_get,
     |             ^^^^^^^^^^^^^^^^^^^^^^^^^  ^^^^^^^^^^^^^^^^^^^^^^^^^^^^^^  ^^^^^^^^^^^^^^
1220 |             rans64_dec_init, rans64_dec_renorm, rans64_enc_flush, rans64_enc_put,
     |             ^^^^^^^^^^^^^^^  ^^^^^^^^^^^^^^^^^  ^^^^^^^^^^^^^^^^  ^^^^^^^^^^^^^^
1221 |             rans64_enc_put_symbol,
     |             ^^^^^^^^^^^^^^^^^^^^^
...
1233 |     use_core!();
     |     ----------- in this macro invocation
     |
     = note: this warning originates in the macro `use_core` (in Nightly builds, run with -Z macro-backtrace for more info)

warning: unused imports: `ALIAS_LOG2_NSYMS`, `ALIAS_NSYMS`, `AliasTable`, `BackwardByteWriter`, `BackwardWord16Writer`, `BackwardWord32Writer`, `ByteInterleavedDecoder`, `ByteInterleavedEncoder`, `ForwardReader`, `Rans64DecSymbol`, `Rans64EncSymbol`, `Rans64State`, `RansByteEncSymbol`, `RansByteState`, `RansWordSlot`, `RansWordState`, `RansWordTables`, `SliceBackwardWriter`, `Word16Reader`, `Word32Reader`, `rans64_dec_advance_step`, `rans64_dec_advance_symbol_step`, `rans64_dec_advance_symbol`, `rans64_dec_advance`, `rans64_dec_get`, `rans64_dec_init`, `rans64_dec_renorm`, `rans64_enc_flush`, `rans64_enc_put_symbol`, `rans64_enc_put`, `rans_byte_alias_build_table`, `rans_byte_alias_dec_advance`, `rans_byte_alias_dec_get`, `rans_byte_alias_dec_renorm`, `rans_byte_alias_enc_put`, `rans_byte_alias_normalize_freqs`, `rans_byte_dec_advance_step`, `rans_byte_dec_advance_symbol_step`, `rans_byte_dec_renorm`, `rans_byte_enc_flush`, `rans_byte_enc_put_symbol`, `rans_byte_enc_put`, `rans_word_dec_init`, `rans_word_dec_renorm`, `rans_word_dec_sym`, `rans_word_enc_flush`, and `rans_word_enc_put`
    --> crates/ryg-rans-rs-oracle/src/lib.rs:1207:13
     |
1207 |             ALIAS_LOG2_NSYMS, ALIAS_NSYMS, AliasTable, BackwardByteWriter, BackwardWord16Writer,
     |             ^^^^^^^^^^^^^^^^  ^^^^^^^^^^^  ^^^^^^^^^^  ^^^^^^^^^^^^^^^^^^  ^^^^^^^^^^^^^^^^^^^^
1208 |             BackwardWord32Writer, ByteInterleavedDecoder, ByteInterleavedEncoder, ByteReader,
     |             ^^^^^^^^^^^^^^^^^^^^  ^^^^^^^^^^^^^^^^^^^^^^  ^^^^^^^^^^^^^^^^^^^^^^
1209 |             ForwardReader, Rans64DecSymbol, Rans64EncSymbol, Rans64State, RansByteDecSymbol,
     |             ^^^^^^^^^^^^^  ^^^^^^^^^^^^^^^  ^^^^^^^^^^^^^^^  ^^^^^^^^^^^
1210 |             RansByteEncSymbol, RansByteState, RansWordSlot, RansWordState, RansWordTables,
     |             ^^^^^^^^^^^^^^^^^  ^^^^^^^^^^^^^  ^^^^^^^^^^^^  ^^^^^^^^^^^^^  ^^^^^^^^^^^^^^
1211 |             SliceBackwardWriter, Word16Reader, Word32Reader, rans_byte_alias_build_table,
     |             ^^^^^^^^^^^^^^^^^^^  ^^^^^^^^^^^^  ^^^^^^^^^^^^  ^^^^^^^^^^^^^^^^^^^^^^^^^^^
1212 |             rans_byte_alias_dec_advance, rans_byte_alias_dec_get, rans_byte_alias_dec_renorm,
     |             ^^^^^^^^^^^^^^^^^^^^^^^^^^^  ^^^^^^^^^^^^^^^^^^^^^^^  ^^^^^^^^^^^^^^^^^^^^^^^^^^
1213 |             rans_byte_alias_enc_put, rans_byte_alias_normalize_freqs, rans_byte_dec_advance,
     |             ^^^^^^^^^^^^^^^^^^^^^^^  ^^^^^^^^^^^^^^^^^^^^^^^^^^^^^^^
1214 |             rans_byte_dec_advance_step, rans_byte_dec_advance_symbol,
     |             ^^^^^^^^^^^^^^^^^^^^^^^^^^
1215 |             rans_byte_dec_advance_symbol_step, rans_byte_dec_get, rans_byte_dec_init,
     |             ^^^^^^^^^^^^^^^^^^^^^^^^^^^^^^^^^
1216 |             rans_byte_dec_renorm, rans_byte_enc_flush, rans_byte_enc_put, rans_byte_enc_put_symbol,
     |             ^^^^^^^^^^^^^^^^^^^^  ^^^^^^^^^^^^^^^^^^^  ^^^^^^^^^^^^^^^^^  ^^^^^^^^^^^^^^^^^^^^^^^^
1217 |             rans_word_dec_init, rans_word_dec_renorm, rans_word_dec_sym, rans_word_enc_flush,
     |             ^^^^^^^^^^^^^^^^^^  ^^^^^^^^^^^^^^^^^^^^  ^^^^^^^^^^^^^^^^^  ^^^^^^^^^^^^^^^^^^^
1218 |             rans_word_enc_put, rans64_dec_advance, rans64_dec_advance_step,
     |             ^^^^^^^^^^^^^^^^^  ^^^^^^^^^^^^^^^^^^  ^^^^^^^^^^^^^^^^^^^^^^^
1219 |             rans64_dec_advance_symbol, rans64_dec_advance_symbol_step, rans64_dec_get,
     |             ^^^^^^^^^^^^^^^^^^^^^^^^^  ^^^^^^^^^^^^^^^^^^^^^^^^^^^^^^  ^^^^^^^^^^^^^^
1220 |             rans64_dec_init, rans64_dec_renorm, rans64_enc_flush, rans64_enc_put,
     |             ^^^^^^^^^^^^^^^  ^^^^^^^^^^^^^^^^^  ^^^^^^^^^^^^^^^^  ^^^^^^^^^^^^^^
1221 |             rans64_enc_put_symbol,
     |             ^^^^^^^^^^^^^^^^^^^^^
...
1277 |     use_core!();
     |     ----------- in this macro invocation
     |
     = note: this warning originates in the macro `use_core` (in Nightly builds, run with -Z macro-backtrace for more info)

warning: unused imports: `ALIAS_LOG2_NSYMS`, `ALIAS_NSYMS`, `AliasTable`, `BackwardByteWriter`, `BackwardWord16Writer`, `ByteInterleavedDecoder`, `ByteInterleavedEncoder`, `ByteReader`, `ForwardReader`, `Rans64DecSymbol`, `RansByteDecSymbol`, `RansByteEncSymbol`, `RansByteState`, `RansWordSlot`, `RansWordState`, `RansWordTables`, `SliceBackwardWriter`, `Word16Reader`, `Word32Reader`, `rans64_dec_advance_step`, `rans64_dec_advance_symbol_step`, `rans64_dec_advance_symbol`, `rans64_dec_advance`, `rans64_dec_get`, `rans64_dec_init`, `rans64_dec_renorm`, `rans_byte_alias_build_table`, `rans_byte_alias_dec_advance`, `rans_byte_alias_dec_get`, `rans_byte_alias_dec_renorm`, `rans_byte_alias_enc_put`, `rans_byte_alias_normalize_freqs`, `rans_byte_dec_advance_step`, `rans_byte_dec_advance_symbol_step`, `rans_byte_dec_advance_symbol`, `rans_byte_dec_advance`, `rans_byte_dec_get`, `rans_byte_dec_init`, `rans_byte_dec_renorm`, `rans_byte_enc_flush`, `rans_byte_enc_put_symbol`, `rans_byte_enc_put`, `rans_word_dec_init`, `rans_word_dec_renorm`, `rans_word_dec_sym`, `rans_word_enc_flush`, and `rans_word_enc_put`
    --> crates/ryg-rans-rs-oracle/src/lib.rs:1207:13
     |
1207 |             ALIAS_LOG2_NSYMS, ALIAS_NSYMS, AliasTable, BackwardByteWriter, BackwardWord16Writer,
     |             ^^^^^^^^^^^^^^^^  ^^^^^^^^^^^  ^^^^^^^^^^  ^^^^^^^^^^^^^^^^^^  ^^^^^^^^^^^^^^^^^^^^
1208 |             BackwardWord32Writer, ByteInterleavedDecoder, ByteInterleavedEncoder, ByteReader,
     |                                   ^^^^^^^^^^^^^^^^^^^^^^  ^^^^^^^^^^^^^^^^^^^^^^  ^^^^^^^^^^
1209 |             ForwardReader, Rans64DecSymbol, Rans64EncSymbol, Rans64State, RansByteDecSymbol,
     |             ^^^^^^^^^^^^^  ^^^^^^^^^^^^^^^                                ^^^^^^^^^^^^^^^^^
1210 |             RansByteEncSymbol, RansByteState, RansWordSlot, RansWordState, RansWordTables,
     |             ^^^^^^^^^^^^^^^^^  ^^^^^^^^^^^^^  ^^^^^^^^^^^^  ^^^^^^^^^^^^^  ^^^^^^^^^^^^^^
1211 |             SliceBackwardWriter, Word16Reader, Word32Reader, rans_byte_alias_build_table,
     |             ^^^^^^^^^^^^^^^^^^^  ^^^^^^^^^^^^  ^^^^^^^^^^^^  ^^^^^^^^^^^^^^^^^^^^^^^^^^^
1212 |             rans_byte_alias_dec_advance, rans_byte_alias_dec_get, rans_byte_alias_dec_renorm,
     |             ^^^^^^^^^^^^^^^^^^^^^^^^^^^  ^^^^^^^^^^^^^^^^^^^^^^^  ^^^^^^^^^^^^^^^^^^^^^^^^^^
1213 |             rans_byte_alias_enc_put, rans_byte_alias_normalize_freqs, rans_byte_dec_advance,
     |             ^^^^^^^^^^^^^^^^^^^^^^^  ^^^^^^^^^^^^^^^^^^^^^^^^^^^^^^^  ^^^^^^^^^^^^^^^^^^^^^
1214 |             rans_byte_dec_advance_step, rans_byte_dec_advance_symbol,
     |             ^^^^^^^^^^^^^^^^^^^^^^^^^^  ^^^^^^^^^^^^^^^^^^^^^^^^^^^^
1215 |             rans_byte_dec_advance_symbol_step, rans_byte_dec_get, rans_byte_dec_init,
     |             ^^^^^^^^^^^^^^^^^^^^^^^^^^^^^^^^^  ^^^^^^^^^^^^^^^^^  ^^^^^^^^^^^^^^^^^^
1216 |             rans_byte_dec_renorm, rans_byte_enc_flush, rans_byte_enc_put, rans_byte_enc_put_symbol,
     |             ^^^^^^^^^^^^^^^^^^^^  ^^^^^^^^^^^^^^^^^^^  ^^^^^^^^^^^^^^^^^  ^^^^^^^^^^^^^^^^^^^^^^^^
1217 |             rans_word_dec_init, rans_word_dec_renorm, rans_word_dec_sym, rans_word_enc_flush,
     |             ^^^^^^^^^^^^^^^^^^  ^^^^^^^^^^^^^^^^^^^^  ^^^^^^^^^^^^^^^^^  ^^^^^^^^^^^^^^^^^^^
1218 |             rans_word_enc_put, rans64_dec_advance, rans64_dec_advance_step,
     |             ^^^^^^^^^^^^^^^^^  ^^^^^^^^^^^^^^^^^^  ^^^^^^^^^^^^^^^^^^^^^^^
1219 |             rans64_dec_advance_symbol, rans64_dec_advance_symbol_step, rans64_dec_get,
     |             ^^^^^^^^^^^^^^^^^^^^^^^^^  ^^^^^^^^^^^^^^^^^^^^^^^^^^^^^^  ^^^^^^^^^^^^^^
1220 |             rans64_dec_init, rans64_dec_renorm, rans64_enc_flush, rans64_enc_put,
     |             ^^^^^^^^^^^^^^^  ^^^^^^^^^^^^^^^^^
...
1315 |     use_core!();
     |     ----------- in this macro invocation
     |
     = note: this warning originates in the macro `use_core` (in Nightly builds, run with -Z macro-backtrace for more info)

warning: unused imports: `ALIAS_LOG2_NSYMS`, `ALIAS_NSYMS`, `AliasTable`, `BackwardByteWriter`, `BackwardWord16Writer`, `BackwardWord32Writer`, `ByteInterleavedDecoder`, `ByteInterleavedEncoder`, `ByteReader`, `ForwardReader`, `Rans64EncSymbol`, `Rans64State`, `RansByteDecSymbol`, `RansByteEncSymbol`, `RansByteState`, `RansWordSlot`, `RansWordState`, `RansWordTables`, `SliceBackwardWriter`, `Word16Reader`, `rans64_dec_advance_step`, `rans64_dec_advance_symbol_step`, `rans64_dec_renorm`, `rans64_enc_flush`, `rans64_enc_put_symbol`, `rans64_enc_put`, `rans_byte_alias_build_table`, `rans_byte_alias_dec_advance`, `rans_byte_alias_dec_get`, `rans_byte_alias_dec_renorm`, `rans_byte_alias_enc_put`, `rans_byte_alias_normalize_freqs`, `rans_byte_dec_advance_step`, `rans_byte_dec_advance_symbol_step`, `rans_byte_dec_advance_symbol`, `rans_byte_dec_advance`, `rans_byte_dec_get`, `rans_byte_dec_init`, `rans_byte_dec_renorm`, `rans_byte_enc_flush`, `rans_byte_enc_put_symbol`, `rans_byte_enc_put`, `rans_word_dec_init`, `rans_word_dec_renorm`, `rans_word_dec_sym`, `rans_word_enc_flush`, and `rans_word_enc_put`
    --> crates/ryg-rans-rs-oracle/src/lib.rs:1207:13
     |
1207 |             ALIAS_LOG2_NSYMS, ALIAS_NSYMS, AliasTable, BackwardByteWriter, BackwardWord16Writer,
     |             ^^^^^^^^^^^^^^^^  ^^^^^^^^^^^  ^^^^^^^^^^  ^^^^^^^^^^^^^^^^^^  ^^^^^^^^^^^^^^^^^^^^
1208 |             BackwardWord32Writer, ByteInterleavedDecoder, ByteInterleavedEncoder, ByteReader,
     |             ^^^^^^^^^^^^^^^^^^^^  ^^^^^^^^^^^^^^^^^^^^^^  ^^^^^^^^^^^^^^^^^^^^^^  ^^^^^^^^^^
1209 |             ForwardReader, Rans64DecSymbol, Rans64EncSymbol, Rans64State, RansByteDecSymbol,
     |             ^^^^^^^^^^^^^                   ^^^^^^^^^^^^^^^  ^^^^^^^^^^^  ^^^^^^^^^^^^^^^^^
1210 |             RansByteEncSymbol, RansByteState, RansWordSlot, RansWordState, RansWordTables,
     |             ^^^^^^^^^^^^^^^^^  ^^^^^^^^^^^^^  ^^^^^^^^^^^^  ^^^^^^^^^^^^^  ^^^^^^^^^^^^^^
1211 |             SliceBackwardWriter, Word16Reader, Word32Reader, rans_byte_alias_build_table,
     |             ^^^^^^^^^^^^^^^^^^^  ^^^^^^^^^^^^                ^^^^^^^^^^^^^^^^^^^^^^^^^^^
1212 |             rans_byte_alias_dec_advance, rans_byte_alias_dec_get, rans_byte_alias_dec_renorm,
     |             ^^^^^^^^^^^^^^^^^^^^^^^^^^^  ^^^^^^^^^^^^^^^^^^^^^^^  ^^^^^^^^^^^^^^^^^^^^^^^^^^
1213 |             rans_byte_alias_enc_put, rans_byte_alias_normalize_freqs, rans_byte_dec_advance,
     |             ^^^^^^^^^^^^^^^^^^^^^^^  ^^^^^^^^^^^^^^^^^^^^^^^^^^^^^^^  ^^^^^^^^^^^^^^^^^^^^^
1214 |             rans_byte_dec_advance_step, rans_byte_dec_advance_symbol,
     |             ^^^^^^^^^^^^^^^^^^^^^^^^^^  ^^^^^^^^^^^^^^^^^^^^^^^^^^^^
1215 |             rans_byte_dec_advance_symbol_step, rans_byte_dec_get, rans_byte_dec_init,
     |             ^^^^^^^^^^^^^^^^^^^^^^^^^^^^^^^^^  ^^^^^^^^^^^^^^^^^  ^^^^^^^^^^^^^^^^^^
1216 |             rans_byte_dec_renorm, rans_byte_enc_flush, rans_byte_enc_put, rans_byte_enc_put_symbol,
     |             ^^^^^^^^^^^^^^^^^^^^  ^^^^^^^^^^^^^^^^^^^  ^^^^^^^^^^^^^^^^^  ^^^^^^^^^^^^^^^^^^^^^^^^
1217 |             rans_word_dec_init, rans_word_dec_renorm, rans_word_dec_sym, rans_word_enc_flush,
     |             ^^^^^^^^^^^^^^^^^^  ^^^^^^^^^^^^^^^^^^^^  ^^^^^^^^^^^^^^^^^  ^^^^^^^^^^^^^^^^^^^
1218 |             rans_word_enc_put, rans64_dec_advance, rans64_dec_advance_step,
     |             ^^^^^^^^^^^^^^^^^                      ^^^^^^^^^^^^^^^^^^^^^^^
1219 |             rans64_dec_advance_symbol, rans64_dec_advance_symbol_step, rans64_dec_get,
     |                                        ^^^^^^^^^^^^^^^^^^^^^^^^^^^^^^
1220 |             rans64_dec_init, rans64_dec_renorm, rans64_enc_flush, rans64_enc_put,
     |                              ^^^^^^^^^^^^^^^^^  ^^^^^^^^^^^^^^^^  ^^^^^^^^^^^^^^
1221 |             rans64_enc_put_symbol,
     |             ^^^^^^^^^^^^^^^^^^^^^
...
1357 |     use_core!();
     |     ----------- in this macro invocation
     |
     = note: this warning originates in the macro `use_core` (in Nightly builds, run with -Z macro-backtrace for more info)

warning: unused imports: `ALIAS_LOG2_NSYMS`, `ALIAS_NSYMS`, `AliasTable`, `BackwardWord16Writer`, `BackwardWord32Writer`, `ByteInterleavedDecoder`, `ByteInterleavedEncoder`, `ByteReader`, `ForwardReader`, `Rans64DecSymbol`, `Rans64EncSymbol`, `Rans64State`, `RansByteDecSymbol`, `RansWordSlot`, `RansWordState`, `RansWordTables`, `SliceBackwardWriter`, `Word16Reader`, `Word32Reader`, `rans64_dec_advance_step`, `rans64_dec_advance_symbol_step`, `rans64_dec_advance_symbol`, `rans64_dec_advance`, `rans64_dec_get`, `rans64_dec_init`, `rans64_dec_renorm`, `rans64_enc_flush`, `rans64_enc_put_symbol`, `rans64_enc_put`, `rans_byte_alias_build_table`, `rans_byte_alias_dec_advance`, `rans_byte_alias_dec_get`, `rans_byte_alias_dec_renorm`, `rans_byte_alias_enc_put`, `rans_byte_alias_normalize_freqs`, `rans_byte_dec_advance_step`, `rans_byte_dec_advance_symbol_step`, `rans_byte_dec_advance_symbol`, `rans_byte_dec_advance`, `rans_byte_dec_get`, `rans_byte_dec_init`, `rans_byte_dec_renorm`, `rans_word_dec_init`, `rans_word_dec_renorm`, `rans_word_dec_sym`, `rans_word_enc_flush`, and `rans_word_enc_put`
    --> crates/ryg-rans-rs-oracle/src/lib.rs:1207:13
     |
1207 |             ALIAS_LOG2_NSYMS, ALIAS_NSYMS, AliasTable, BackwardByteWriter, BackwardWord16Writer,
     |             ^^^^^^^^^^^^^^^^  ^^^^^^^^^^^  ^^^^^^^^^^                      ^^^^^^^^^^^^^^^^^^^^
1208 |             BackwardWord32Writer, ByteInterleavedDecoder, ByteInterleavedEncoder, ByteReader,
     |             ^^^^^^^^^^^^^^^^^^^^  ^^^^^^^^^^^^^^^^^^^^^^  ^^^^^^^^^^^^^^^^^^^^^^  ^^^^^^^^^^
1209 |             ForwardReader, Rans64DecSymbol, Rans64EncSymbol, Rans64State, RansByteDecSymbol,
     |             ^^^^^^^^^^^^^  ^^^^^^^^^^^^^^^  ^^^^^^^^^^^^^^^  ^^^^^^^^^^^  ^^^^^^^^^^^^^^^^^
1210 |             RansByteEncSymbol, RansByteState, RansWordSlot, RansWordState, RansWordTables,
     |                                               ^^^^^^^^^^^^  ^^^^^^^^^^^^^  ^^^^^^^^^^^^^^
1211 |             SliceBackwardWriter, Word16Reader, Word32Reader, rans_byte_alias_build_table,
     |             ^^^^^^^^^^^^^^^^^^^  ^^^^^^^^^^^^  ^^^^^^^^^^^^  ^^^^^^^^^^^^^^^^^^^^^^^^^^^
1212 |             rans_byte_alias_dec_advance, rans_byte_alias_dec_get, rans_byte_alias_dec_renorm,
     |             ^^^^^^^^^^^^^^^^^^^^^^^^^^^  ^^^^^^^^^^^^^^^^^^^^^^^  ^^^^^^^^^^^^^^^^^^^^^^^^^^
1213 |             rans_byte_alias_enc_put, rans_byte_alias_normalize_freqs, rans_byte_dec_advance,
     |             ^^^^^^^^^^^^^^^^^^^^^^^  ^^^^^^^^^^^^^^^^^^^^^^^^^^^^^^^  ^^^^^^^^^^^^^^^^^^^^^
1214 |             rans_byte_dec_advance_step, rans_byte_dec_advance_symbol,
     |             ^^^^^^^^^^^^^^^^^^^^^^^^^^  ^^^^^^^^^^^^^^^^^^^^^^^^^^^^
1215 |             rans_byte_dec_advance_symbol_step, rans_byte_dec_get, rans_byte_dec_init,
     |             ^^^^^^^^^^^^^^^^^^^^^^^^^^^^^^^^^  ^^^^^^^^^^^^^^^^^  ^^^^^^^^^^^^^^^^^^
1216 |             rans_byte_dec_renorm, rans_byte_enc_flush, rans_byte_enc_put, rans_byte_enc_put_symbol,
     |             ^^^^^^^^^^^^^^^^^^^^
1217 |             rans_word_dec_init, rans_word_dec_renorm, rans_word_dec_sym, rans_word_enc_flush,
     |             ^^^^^^^^^^^^^^^^^^  ^^^^^^^^^^^^^^^^^^^^  ^^^^^^^^^^^^^^^^^  ^^^^^^^^^^^^^^^^^^^
1218 |             rans_word_enc_put, rans64_dec_advance, rans64_dec_advance_step,
     |             ^^^^^^^^^^^^^^^^^  ^^^^^^^^^^^^^^^^^^  ^^^^^^^^^^^^^^^^^^^^^^^
1219 |             rans64_dec_advance_symbol, rans64_dec_advance_symbol_step, rans64_dec_get,
     |             ^^^^^^^^^^^^^^^^^^^^^^^^^  ^^^^^^^^^^^^^^^^^^^^^^^^^^^^^^  ^^^^^^^^^^^^^^
1220 |             rans64_dec_init, rans64_dec_renorm, rans64_enc_flush, rans64_enc_put,
     |             ^^^^^^^^^^^^^^^  ^^^^^^^^^^^^^^^^^  ^^^^^^^^^^^^^^^^  ^^^^^^^^^^^^^^
1221 |             rans64_enc_put_symbol,
     |             ^^^^^^^^^^^^^^^^^^^^^
...
1395 |     use_core!();
     |     ----------- in this macro invocation
     |
     = note: this warning originates in the macro `use_core` (in Nightly builds, run with -Z macro-backtrace for more info)

warning: unused imports: `ALIAS_LOG2_NSYMS`, `ALIAS_NSYMS`, `AliasTable`, `BackwardByteWriter`, `BackwardWord16Writer`, `BackwardWord32Writer`, `ByteInterleavedDecoder`, `ByteInterleavedEncoder`, `ForwardReader`, `Rans64DecSymbol`, `Rans64EncSymbol`, `Rans64State`, `RansByteEncSymbol`, `RansByteState`, `RansWordSlot`, `RansWordState`, `RansWordTables`, `SliceBackwardWriter`, `Word16Reader`, `Word32Reader`, `rans64_dec_advance_step`, `rans64_dec_advance_symbol_step`, `rans64_dec_advance_symbol`, `rans64_dec_advance`, `rans64_dec_get`, `rans64_dec_init`, `rans64_dec_renorm`, `rans64_enc_flush`, `rans64_enc_put_symbol`, `rans64_enc_put`, `rans_byte_alias_build_table`, `rans_byte_alias_dec_advance`, `rans_byte_alias_dec_get`, `rans_byte_alias_dec_renorm`, `rans_byte_alias_enc_put`, `rans_byte_alias_normalize_freqs`, `rans_byte_enc_flush`, `rans_byte_enc_put_symbol`, `rans_byte_enc_put`, `rans_word_dec_init`, `rans_word_dec_renorm`, `rans_word_dec_sym`, `rans_word_enc_flush`, and `rans_word_enc_put`
    --> crates/ryg-rans-rs-oracle/src/lib.rs:1207:13
     |
1207 |             ALIAS_LOG2_NSYMS, ALIAS_NSYMS, AliasTable, BackwardByteWriter, BackwardWord16Writer,
     |             ^^^^^^^^^^^^^^^^  ^^^^^^^^^^^  ^^^^^^^^^^  ^^^^^^^^^^^^^^^^^^  ^^^^^^^^^^^^^^^^^^^^
1208 |             BackwardWord32Writer, ByteInterleavedDecoder, ByteInterleavedEncoder, ByteReader,
     |             ^^^^^^^^^^^^^^^^^^^^  ^^^^^^^^^^^^^^^^^^^^^^  ^^^^^^^^^^^^^^^^^^^^^^
1209 |             ForwardReader, Rans64DecSymbol, Rans64EncSymbol, Rans64State, RansByteDecSymbol,
     |             ^^^^^^^^^^^^^  ^^^^^^^^^^^^^^^  ^^^^^^^^^^^^^^^  ^^^^^^^^^^^
1210 |             RansByteEncSymbol, RansByteState, RansWordSlot, RansWordState, RansWordTables,
     |             ^^^^^^^^^^^^^^^^^  ^^^^^^^^^^^^^  ^^^^^^^^^^^^  ^^^^^^^^^^^^^  ^^^^^^^^^^^^^^
1211 |             SliceBackwardWriter, Word16Reader, Word32Reader, rans_byte_alias_build_table,
     |             ^^^^^^^^^^^^^^^^^^^  ^^^^^^^^^^^^  ^^^^^^^^^^^^  ^^^^^^^^^^^^^^^^^^^^^^^^^^^
1212 |             rans_byte_alias_dec_advance, rans_byte_alias_dec_get, rans_byte_alias_dec_renorm,
     |             ^^^^^^^^^^^^^^^^^^^^^^^^^^^  ^^^^^^^^^^^^^^^^^^^^^^^  ^^^^^^^^^^^^^^^^^^^^^^^^^^
1213 |             rans_byte_alias_enc_put, rans_byte_alias_normalize_freqs, rans_byte_dec_advance,
     |             ^^^^^^^^^^^^^^^^^^^^^^^  ^^^^^^^^^^^^^^^^^^^^^^^^^^^^^^^
...
1216 |             rans_byte_dec_renorm, rans_byte_enc_flush, rans_byte_enc_put, rans_byte_enc_put_symbol,
     |                                   ^^^^^^^^^^^^^^^^^^^  ^^^^^^^^^^^^^^^^^  ^^^^^^^^^^^^^^^^^^^^^^^^
1217 |             rans_word_dec_init, rans_word_dec_renorm, rans_word_dec_sym, rans_word_enc_flush,
     |             ^^^^^^^^^^^^^^^^^^  ^^^^^^^^^^^^^^^^^^^^  ^^^^^^^^^^^^^^^^^  ^^^^^^^^^^^^^^^^^^^
1218 |             rans_word_enc_put, rans64_dec_advance, rans64_dec_advance_step,
     |             ^^^^^^^^^^^^^^^^^  ^^^^^^^^^^^^^^^^^^  ^^^^^^^^^^^^^^^^^^^^^^^
1219 |             rans64_dec_advance_symbol, rans64_dec_advance_symbol_step, rans64_dec_get,
     |             ^^^^^^^^^^^^^^^^^^^^^^^^^  ^^^^^^^^^^^^^^^^^^^^^^^^^^^^^^  ^^^^^^^^^^^^^^
1220 |             rans64_dec_init, rans64_dec_renorm, rans64_enc_flush, rans64_enc_put,
     |             ^^^^^^^^^^^^^^^  ^^^^^^^^^^^^^^^^^  ^^^^^^^^^^^^^^^^  ^^^^^^^^^^^^^^
1221 |             rans64_enc_put_symbol,
     |             ^^^^^^^^^^^^^^^^^^^^^
...
1452 |     use_core!();
     |     ----------- in this macro invocation
     |
     = note: this warning originates in the macro `use_core` (in Nightly builds, run with -Z macro-backtrace for more info)

warning: unused imports: `ALIAS_LOG2_NSYMS`, `ALIAS_NSYMS`, `AliasTable`, `BackwardByteWriter`, `BackwardWord16Writer`, `ByteInterleavedDecoder`, `ByteInterleavedEncoder`, `ByteReader`, `ForwardReader`, `Rans64DecSymbol`, `RansByteDecSymbol`, `RansByteEncSymbol`, `RansByteState`, `RansWordSlot`, `RansWordState`, `RansWordTables`, `SliceBackwardWriter`, `Word16Reader`, `Word32Reader`, `rans64_dec_advance_step`, `rans64_dec_advance_symbol_step`, `rans64_dec_advance_symbol`, `rans64_dec_advance`, `rans64_dec_get`, `rans64_dec_init`, `rans64_dec_renorm`, `rans_byte_alias_build_table`, `rans_byte_alias_dec_advance`, `rans_byte_alias_dec_get`, `rans_byte_alias_dec_renorm`, `rans_byte_alias_enc_put`, `rans_byte_alias_normalize_freqs`, `rans_byte_dec_advance_step`, `rans_byte_dec_advance_symbol_step`, `rans_byte_dec_advance_symbol`, `rans_byte_dec_advance`, `rans_byte_dec_get`, `rans_byte_dec_init`, `rans_byte_dec_renorm`, `rans_byte_enc_flush`, `rans_byte_enc_put_symbol`, `rans_byte_enc_put`, `rans_word_dec_init`, `rans_word_dec_renorm`, `rans_word_dec_sym`, `rans_word_enc_flush`, and `rans_word_enc_put`
    --> crates/ryg-rans-rs-oracle/src/lib.rs:1207:13
     |
1207 |             ALIAS_LOG2_NSYMS, ALIAS_NSYMS, AliasTable, BackwardByteWriter, BackwardWord16Writer,
     |             ^^^^^^^^^^^^^^^^  ^^^^^^^^^^^  ^^^^^^^^^^  ^^^^^^^^^^^^^^^^^^  ^^^^^^^^^^^^^^^^^^^^
1208 |             BackwardWord32Writer, ByteInterleavedDecoder, ByteInterleavedEncoder, ByteReader,
     |                                   ^^^^^^^^^^^^^^^^^^^^^^  ^^^^^^^^^^^^^^^^^^^^^^  ^^^^^^^^^^
1209 |             ForwardReader, Rans64DecSymbol, Rans64EncSymbol, Rans64State, RansByteDecSymbol,
     |             ^^^^^^^^^^^^^  ^^^^^^^^^^^^^^^                                ^^^^^^^^^^^^^^^^^
1210 |             RansByteEncSymbol, RansByteState, RansWordSlot, RansWordState, RansWordTables,
     |             ^^^^^^^^^^^^^^^^^  ^^^^^^^^^^^^^  ^^^^^^^^^^^^  ^^^^^^^^^^^^^  ^^^^^^^^^^^^^^
1211 |             SliceBackwardWriter, Word16Reader, Word32Reader, rans_byte_alias_build_table,
     |             ^^^^^^^^^^^^^^^^^^^  ^^^^^^^^^^^^  ^^^^^^^^^^^^  ^^^^^^^^^^^^^^^^^^^^^^^^^^^
1212 |             rans_byte_alias_dec_advance, rans_byte_alias_dec_get, rans_byte_alias_dec_renorm,
     |             ^^^^^^^^^^^^^^^^^^^^^^^^^^^  ^^^^^^^^^^^^^^^^^^^^^^^  ^^^^^^^^^^^^^^^^^^^^^^^^^^
1213 |             rans_byte_alias_enc_put, rans_byte_alias_normalize_freqs, rans_byte_dec_advance,
     |             ^^^^^^^^^^^^^^^^^^^^^^^  ^^^^^^^^^^^^^^^^^^^^^^^^^^^^^^^  ^^^^^^^^^^^^^^^^^^^^^
1214 |             rans_byte_dec_advance_step, rans_byte_dec_advance_symbol,
     |             ^^^^^^^^^^^^^^^^^^^^^^^^^^  ^^^^^^^^^^^^^^^^^^^^^^^^^^^^
1215 |             rans_byte_dec_advance_symbol_step, rans_byte_dec_get, rans_byte_dec_init,
     |             ^^^^^^^^^^^^^^^^^^^^^^^^^^^^^^^^^  ^^^^^^^^^^^^^^^^^  ^^^^^^^^^^^^^^^^^^
1216 |             rans_byte_dec_renorm, rans_byte_enc_flush, rans_byte_enc_put, rans_byte_enc_put_symbol,
     |             ^^^^^^^^^^^^^^^^^^^^  ^^^^^^^^^^^^^^^^^^^  ^^^^^^^^^^^^^^^^^  ^^^^^^^^^^^^^^^^^^^^^^^^
1217 |             rans_word_dec_init, rans_word_dec_renorm, rans_word_dec_sym, rans_word_enc_flush,
     |             ^^^^^^^^^^^^^^^^^^  ^^^^^^^^^^^^^^^^^^^^  ^^^^^^^^^^^^^^^^^  ^^^^^^^^^^^^^^^^^^^
1218 |             rans_word_enc_put, rans64_dec_advance, rans64_dec_advance_step,
     |             ^^^^^^^^^^^^^^^^^  ^^^^^^^^^^^^^^^^^^  ^^^^^^^^^^^^^^^^^^^^^^^
1219 |             rans64_dec_advance_symbol, rans64_dec_advance_symbol_step, rans64_dec_get,
     |             ^^^^^^^^^^^^^^^^^^^^^^^^^  ^^^^^^^^^^^^^^^^^^^^^^^^^^^^^^  ^^^^^^^^^^^^^^
1220 |             rans64_dec_init, rans64_dec_renorm, rans64_enc_flush, rans64_enc_put,
     |             ^^^^^^^^^^^^^^^  ^^^^^^^^^^^^^^^^^
...
1537 |     use_core!();
     |     ----------- in this macro invocation
     |
     = note: this warning originates in the macro `use_core` (in Nightly builds, run with -Z macro-backtrace for more info)

warning: unused imports: `ALIAS_LOG2_NSYMS`, `ALIAS_NSYMS`, `AliasTable`, `BackwardByteWriter`, `BackwardWord16Writer`, `BackwardWord32Writer`, `ByteInterleavedDecoder`, `ByteInterleavedEncoder`, `ByteReader`, `ForwardReader`, `Rans64EncSymbol`, `Rans64State`, `RansByteDecSymbol`, `RansByteEncSymbol`, `RansByteState`, `RansWordSlot`, `RansWordState`, `RansWordTables`, `SliceBackwardWriter`, `Word16Reader`, `rans64_enc_flush`, `rans64_enc_put_symbol`, `rans64_enc_put`, `rans_byte_alias_build_table`, `rans_byte_alias_dec_advance`, `rans_byte_alias_dec_get`, `rans_byte_alias_dec_renorm`, `rans_byte_alias_enc_put`, `rans_byte_alias_normalize_freqs`, `rans_byte_dec_advance_step`, `rans_byte_dec_advance_symbol_step`, `rans_byte_dec_advance_symbol`, `rans_byte_dec_advance`, `rans_byte_dec_get`, `rans_byte_dec_init`, `rans_byte_dec_renorm`, `rans_byte_enc_flush`, `rans_byte_enc_put_symbol`, `rans_byte_enc_put`, `rans_word_dec_init`, `rans_word_dec_renorm`, `rans_word_dec_sym`, `rans_word_enc_flush`, and `rans_word_enc_put`
    --> crates/ryg-rans-rs-oracle/src/lib.rs:1207:13
     |
1207 |             ALIAS_LOG2_NSYMS, ALIAS_NSYMS, AliasTable, BackwardByteWriter, BackwardWord16Writer,
     |             ^^^^^^^^^^^^^^^^  ^^^^^^^^^^^  ^^^^^^^^^^  ^^^^^^^^^^^^^^^^^^  ^^^^^^^^^^^^^^^^^^^^
1208 |             BackwardWord32Writer, ByteInterleavedDecoder, ByteInterleavedEncoder, ByteReader,
     |             ^^^^^^^^^^^^^^^^^^^^  ^^^^^^^^^^^^^^^^^^^^^^  ^^^^^^^^^^^^^^^^^^^^^^  ^^^^^^^^^^
1209 |             ForwardReader, Rans64DecSymbol, Rans64EncSymbol, Rans64State, RansByteDecSymbol,
     |             ^^^^^^^^^^^^^                   ^^^^^^^^^^^^^^^  ^^^^^^^^^^^  ^^^^^^^^^^^^^^^^^
1210 |             RansByteEncSymbol, RansByteState, RansWordSlot, RansWordState, RansWordTables,
     |             ^^^^^^^^^^^^^^^^^  ^^^^^^^^^^^^^  ^^^^^^^^^^^^  ^^^^^^^^^^^^^  ^^^^^^^^^^^^^^
1211 |             SliceBackwardWriter, Word16Reader, Word32Reader, rans_byte_alias_build_table,
     |             ^^^^^^^^^^^^^^^^^^^  ^^^^^^^^^^^^                ^^^^^^^^^^^^^^^^^^^^^^^^^^^
1212 |             rans_byte_alias_dec_advance, rans_byte_alias_dec_get, rans_byte_alias_dec_renorm,
     |             ^^^^^^^^^^^^^^^^^^^^^^^^^^^  ^^^^^^^^^^^^^^^^^^^^^^^  ^^^^^^^^^^^^^^^^^^^^^^^^^^
1213 |             rans_byte_alias_enc_put, rans_byte_alias_normalize_freqs, rans_byte_dec_advance,
     |             ^^^^^^^^^^^^^^^^^^^^^^^  ^^^^^^^^^^^^^^^^^^^^^^^^^^^^^^^  ^^^^^^^^^^^^^^^^^^^^^
1214 |             rans_byte_dec_advance_step, rans_byte_dec_advance_symbol,
     |             ^^^^^^^^^^^^^^^^^^^^^^^^^^  ^^^^^^^^^^^^^^^^^^^^^^^^^^^^
1215 |             rans_byte_dec_advance_symbol_step, rans_byte_dec_get, rans_byte_dec_init,
     |             ^^^^^^^^^^^^^^^^^^^^^^^^^^^^^^^^^  ^^^^^^^^^^^^^^^^^  ^^^^^^^^^^^^^^^^^^
1216 |             rans_byte_dec_renorm, rans_byte_enc_flush, rans_byte_enc_put, rans_byte_enc_put_symbol,
     |             ^^^^^^^^^^^^^^^^^^^^  ^^^^^^^^^^^^^^^^^^^  ^^^^^^^^^^^^^^^^^  ^^^^^^^^^^^^^^^^^^^^^^^^
1217 |             rans_word_dec_init, rans_word_dec_renorm, rans_word_dec_sym, rans_word_enc_flush,
     |             ^^^^^^^^^^^^^^^^^^  ^^^^^^^^^^^^^^^^^^^^  ^^^^^^^^^^^^^^^^^  ^^^^^^^^^^^^^^^^^^^
1218 |             rans_word_enc_put, rans64_dec_advance, rans64_dec_advance_step,
     |             ^^^^^^^^^^^^^^^^^
1219 |             rans64_dec_advance_symbol, rans64_dec_advance_symbol_step, rans64_dec_get,
1220 |             rans64_dec_init, rans64_dec_renorm, rans64_enc_flush, rans64_enc_put,
     |                                                 ^^^^^^^^^^^^^^^^  ^^^^^^^^^^^^^^
1221 |             rans64_enc_put_symbol,
     |             ^^^^^^^^^^^^^^^^^^^^^
...
1593 |     use_core!();
     |     ----------- in this macro invocation
     |
     = note: this warning originates in the macro `use_core` (in Nightly builds, run with -Z macro-backtrace for more info)

warning: unused imports: `ALIAS_LOG2_NSYMS`, `ALIAS_NSYMS`, `AliasTable`, `BackwardByteWriter`, `BackwardWord32Writer`, `ByteInterleavedDecoder`, `ByteInterleavedEncoder`, `ByteReader`, `ForwardReader`, `Rans64DecSymbol`, `Rans64EncSymbol`, `Rans64State`, `RansByteDecSymbol`, `RansByteEncSymbol`, `RansByteState`, `RansWordSlot`, `RansWordTables`, `SliceBackwardWriter`, `Word16Reader`, `Word32Reader`, `rans64_dec_advance_step`, `rans64_dec_advance_symbol_step`, `rans64_dec_advance_symbol`, `rans64_dec_advance`, `rans64_dec_get`, `rans64_dec_init`, `rans64_dec_renorm`, `rans64_enc_flush`, `rans64_enc_put_symbol`, `rans64_enc_put`, `rans_byte_alias_build_table`, `rans_byte_alias_dec_advance`, `rans_byte_alias_dec_get`, `rans_byte_alias_dec_renorm`, `rans_byte_alias_enc_put`, `rans_byte_alias_normalize_freqs`, `rans_byte_dec_advance_step`, `rans_byte_dec_advance_symbol_step`, `rans_byte_dec_advance_symbol`, `rans_byte_dec_advance`, `rans_byte_dec_get`, `rans_byte_dec_init`, `rans_byte_dec_renorm`, `rans_byte_enc_flush`, `rans_byte_enc_put_symbol`, `rans_byte_enc_put`, `rans_word_dec_init`, `rans_word_dec_renorm`, and `rans_word_dec_sym`
    --> crates/ryg-rans-rs-oracle/src/lib.rs:1207:13
     |
1207 |             ALIAS_LOG2_NSYMS, ALIAS_NSYMS, AliasTable, BackwardByteWriter, BackwardWord16Writer,
     |             ^^^^^^^^^^^^^^^^  ^^^^^^^^^^^  ^^^^^^^^^^  ^^^^^^^^^^^^^^^^^^
1208 |             BackwardWord32Writer, ByteInterleavedDecoder, ByteInterleavedEncoder, ByteReader,
     |             ^^^^^^^^^^^^^^^^^^^^  ^^^^^^^^^^^^^^^^^^^^^^  ^^^^^^^^^^^^^^^^^^^^^^  ^^^^^^^^^^
1209 |             ForwardReader, Rans64DecSymbol, Rans64EncSymbol, Rans64State, RansByteDecSymbol,
     |             ^^^^^^^^^^^^^  ^^^^^^^^^^^^^^^  ^^^^^^^^^^^^^^^  ^^^^^^^^^^^  ^^^^^^^^^^^^^^^^^
1210 |             RansByteEncSymbol, RansByteState, RansWordSlot, RansWordState, RansWordTables,
     |             ^^^^^^^^^^^^^^^^^  ^^^^^^^^^^^^^  ^^^^^^^^^^^^                 ^^^^^^^^^^^^^^
1211 |             SliceBackwardWriter, Word16Reader, Word32Reader, rans_byte_alias_build_table,
     |             ^^^^^^^^^^^^^^^^^^^  ^^^^^^^^^^^^  ^^^^^^^^^^^^  ^^^^^^^^^^^^^^^^^^^^^^^^^^^
1212 |             rans_byte_alias_dec_advance, rans_byte_alias_dec_get, rans_byte_alias_dec_renorm,
     |             ^^^^^^^^^^^^^^^^^^^^^^^^^^^  ^^^^^^^^^^^^^^^^^^^^^^^  ^^^^^^^^^^^^^^^^^^^^^^^^^^
1213 |             rans_byte_alias_enc_put, rans_byte_alias_normalize_freqs, rans_byte_dec_advance,
     |             ^^^^^^^^^^^^^^^^^^^^^^^  ^^^^^^^^^^^^^^^^^^^^^^^^^^^^^^^  ^^^^^^^^^^^^^^^^^^^^^
1214 |             rans_byte_dec_advance_step, rans_byte_dec_advance_symbol,
     |             ^^^^^^^^^^^^^^^^^^^^^^^^^^  ^^^^^^^^^^^^^^^^^^^^^^^^^^^^
1215 |             rans_byte_dec_advance_symbol_step, rans_byte_dec_get, rans_byte_dec_init,
     |             ^^^^^^^^^^^^^^^^^^^^^^^^^^^^^^^^^  ^^^^^^^^^^^^^^^^^  ^^^^^^^^^^^^^^^^^^
1216 |             rans_byte_dec_renorm, rans_byte_enc_flush, rans_byte_enc_put, rans_byte_enc_put_symbol,
     |             ^^^^^^^^^^^^^^^^^^^^  ^^^^^^^^^^^^^^^^^^^  ^^^^^^^^^^^^^^^^^  ^^^^^^^^^^^^^^^^^^^^^^^^
1217 |             rans_word_dec_init, rans_word_dec_renorm, rans_word_dec_sym, rans_word_enc_flush,
     |             ^^^^^^^^^^^^^^^^^^  ^^^^^^^^^^^^^^^^^^^^  ^^^^^^^^^^^^^^^^^
1218 |             rans_word_enc_put, rans64_dec_advance, rans64_dec_advance_step,
     |                                ^^^^^^^^^^^^^^^^^^  ^^^^^^^^^^^^^^^^^^^^^^^
1219 |             rans64_dec_advance_symbol, rans64_dec_advance_symbol_step, rans64_dec_get,
     |             ^^^^^^^^^^^^^^^^^^^^^^^^^  ^^^^^^^^^^^^^^^^^^^^^^^^^^^^^^  ^^^^^^^^^^^^^^
1220 |             rans64_dec_init, rans64_dec_renorm, rans64_enc_flush, rans64_enc_put,
     |             ^^^^^^^^^^^^^^^  ^^^^^^^^^^^^^^^^^  ^^^^^^^^^^^^^^^^  ^^^^^^^^^^^^^^
1221 |             rans64_enc_put_symbol,
     |             ^^^^^^^^^^^^^^^^^^^^^
...
1680 |     use_core!();
     |     ----------- in this macro invocation
     |
     = note: this warning originates in the macro `use_core` (in Nightly builds, run with -Z macro-backtrace for more info)

warning: unused imports: `ALIAS_LOG2_NSYMS`, `ALIAS_NSYMS`, `AliasTable`, `BackwardByteWriter`, `BackwardWord16Writer`, `BackwardWord32Writer`, `ByteInterleavedDecoder`, `ByteInterleavedEncoder`, `ByteReader`, `ForwardReader`, `Rans64DecSymbol`, `Rans64EncSymbol`, `Rans64State`, `RansByteDecSymbol`, `RansByteEncSymbol`, `RansByteState`, `RansWordState`, `SliceBackwardWriter`, `Word32Reader`, `rans64_dec_advance_step`, `rans64_dec_advance_symbol_step`, `rans64_dec_advance_symbol`, `rans64_dec_advance`, `rans64_dec_get`, `rans64_dec_init`, `rans64_dec_renorm`, `rans64_enc_flush`, `rans64_enc_put_symbol`, `rans64_enc_put`, `rans_byte_alias_build_table`, `rans_byte_alias_dec_advance`, `rans_byte_alias_dec_get`, `rans_byte_alias_dec_renorm`, `rans_byte_alias_enc_put`, `rans_byte_alias_normalize_freqs`, `rans_byte_dec_advance_step`, `rans_byte_dec_advance_symbol_step`, `rans_byte_dec_advance_symbol`, `rans_byte_dec_advance`, `rans_byte_dec_get`, `rans_byte_dec_init`, `rans_byte_dec_renorm`, `rans_byte_enc_flush`, `rans_byte_enc_put_symbol`, `rans_byte_enc_put`, `rans_word_enc_flush`, and `rans_word_enc_put`
    --> crates/ryg-rans-rs-oracle/src/lib.rs:1207:13
     |
1207 |             ALIAS_LOG2_NSYMS, ALIAS_NSYMS, AliasTable, BackwardByteWriter, BackwardWord16Writer,
     |             ^^^^^^^^^^^^^^^^  ^^^^^^^^^^^  ^^^^^^^^^^  ^^^^^^^^^^^^^^^^^^  ^^^^^^^^^^^^^^^^^^^^
1208 |             BackwardWord32Writer, ByteInterleavedDecoder, ByteInterleavedEncoder, ByteReader,
     |             ^^^^^^^^^^^^^^^^^^^^  ^^^^^^^^^^^^^^^^^^^^^^  ^^^^^^^^^^^^^^^^^^^^^^  ^^^^^^^^^^
1209 |             ForwardReader, Rans64DecSymbol, Rans64EncSymbol, Rans64State, RansByteDecSymbol,
     |             ^^^^^^^^^^^^^  ^^^^^^^^^^^^^^^  ^^^^^^^^^^^^^^^  ^^^^^^^^^^^  ^^^^^^^^^^^^^^^^^
1210 |             RansByteEncSymbol, RansByteState, RansWordSlot, RansWordState, RansWordTables,
     |             ^^^^^^^^^^^^^^^^^  ^^^^^^^^^^^^^                ^^^^^^^^^^^^^
1211 |             SliceBackwardWriter, Word16Reader, Word32Reader, rans_byte_alias_build_table,
     |             ^^^^^^^^^^^^^^^^^^^                ^^^^^^^^^^^^  ^^^^^^^^^^^^^^^^^^^^^^^^^^^
1212 |             rans_byte_alias_dec_advance, rans_byte_alias_dec_get, rans_byte_alias_dec_renorm,
     |             ^^^^^^^^^^^^^^^^^^^^^^^^^^^  ^^^^^^^^^^^^^^^^^^^^^^^  ^^^^^^^^^^^^^^^^^^^^^^^^^^
1213 |             rans_byte_alias_enc_put, rans_byte_alias_normalize_freqs, rans_byte_dec_advance,
     |             ^^^^^^^^^^^^^^^^^^^^^^^  ^^^^^^^^^^^^^^^^^^^^^^^^^^^^^^^  ^^^^^^^^^^^^^^^^^^^^^
1214 |             rans_byte_dec_advance_step, rans_byte_dec_advance_symbol,
     |             ^^^^^^^^^^^^^^^^^^^^^^^^^^  ^^^^^^^^^^^^^^^^^^^^^^^^^^^^
1215 |             rans_byte_dec_advance_symbol_step, rans_byte_dec_get, rans_byte_dec_init,
     |             ^^^^^^^^^^^^^^^^^^^^^^^^^^^^^^^^^  ^^^^^^^^^^^^^^^^^  ^^^^^^^^^^^^^^^^^^
1216 |             rans_byte_dec_renorm, rans_byte_enc_flush, rans_byte_enc_put, rans_byte_enc_put_symbol,
     |             ^^^^^^^^^^^^^^^^^^^^  ^^^^^^^^^^^^^^^^^^^  ^^^^^^^^^^^^^^^^^  ^^^^^^^^^^^^^^^^^^^^^^^^
1217 |             rans_word_dec_init, rans_word_dec_renorm, rans_word_dec_sym, rans_word_enc_flush,
     |                                                                          ^^^^^^^^^^^^^^^^^^^
1218 |             rans_word_enc_put, rans64_dec_advance, rans64_dec_advance_step,
     |             ^^^^^^^^^^^^^^^^^  ^^^^^^^^^^^^^^^^^^  ^^^^^^^^^^^^^^^^^^^^^^^
1219 |             rans64_dec_advance_symbol, rans64_dec_advance_symbol_step, rans64_dec_get,
     |             ^^^^^^^^^^^^^^^^^^^^^^^^^  ^^^^^^^^^^^^^^^^^^^^^^^^^^^^^^  ^^^^^^^^^^^^^^
1220 |             rans64_dec_init, rans64_dec_renorm, rans64_enc_flush, rans64_enc_put,
     |             ^^^^^^^^^^^^^^^  ^^^^^^^^^^^^^^^^^  ^^^^^^^^^^^^^^^^  ^^^^^^^^^^^^^^
1221 |             rans64_enc_put_symbol,
     |             ^^^^^^^^^^^^^^^^^^^^^
...
1703 |     use_core!();
     |     ----------- in this macro invocation
     |
     = note: this warning originates in the macro `use_core` (in Nightly builds, run with -Z macro-backtrace for more info)

warning: unused imports: `ALIAS_LOG2_NSYMS`, `ALIAS_NSYMS`, `AliasTable`, `BackwardByteWriter`, `BackwardWord32Writer`, `ByteInterleavedDecoder`, `ByteInterleavedEncoder`, `ByteReader`, `ForwardReader`, `Rans64DecSymbol`, `Rans64EncSymbol`, `Rans64State`, `RansByteDecSymbol`, `RansByteEncSymbol`, `RansByteState`, `RansWordSlot`, `RansWordTables`, `SliceBackwardWriter`, `Word16Reader`, `Word32Reader`, `rans64_dec_advance_step`, `rans64_dec_advance_symbol_step`, `rans64_dec_advance_symbol`, `rans64_dec_advance`, `rans64_dec_get`, `rans64_dec_init`, `rans64_dec_renorm`, `rans64_enc_flush`, `rans64_enc_put_symbol`, `rans64_enc_put`, `rans_byte_alias_build_table`, `rans_byte_alias_dec_advance`, `rans_byte_alias_dec_get`, `rans_byte_alias_dec_renorm`, `rans_byte_alias_enc_put`, `rans_byte_alias_normalize_freqs`, `rans_byte_dec_advance_step`, `rans_byte_dec_advance_symbol_step`, `rans_byte_dec_advance_symbol`, `rans_byte_dec_advance`, `rans_byte_dec_get`, `rans_byte_dec_init`, `rans_byte_dec_renorm`, `rans_byte_enc_flush`, `rans_byte_enc_put_symbol`, `rans_byte_enc_put`, `rans_word_dec_init`, `rans_word_dec_renorm`, and `rans_word_dec_sym`
    --> crates/ryg-rans-rs-oracle/src/lib.rs:1207:13
     |
1207 |             ALIAS_LOG2_NSYMS, ALIAS_NSYMS, AliasTable, BackwardByteWriter, BackwardWord16Writer,
     |             ^^^^^^^^^^^^^^^^  ^^^^^^^^^^^  ^^^^^^^^^^  ^^^^^^^^^^^^^^^^^^
1208 |             BackwardWord32Writer, ByteInterleavedDecoder, ByteInterleavedEncoder, ByteReader,
     |             ^^^^^^^^^^^^^^^^^^^^  ^^^^^^^^^^^^^^^^^^^^^^  ^^^^^^^^^^^^^^^^^^^^^^  ^^^^^^^^^^
1209 |             ForwardReader, Rans64DecSymbol, Rans64EncSymbol, Rans64State, RansByteDecSymbol,
     |             ^^^^^^^^^^^^^  ^^^^^^^^^^^^^^^  ^^^^^^^^^^^^^^^  ^^^^^^^^^^^  ^^^^^^^^^^^^^^^^^
1210 |             RansByteEncSymbol, RansByteState, RansWordSlot, RansWordState, RansWordTables,
     |             ^^^^^^^^^^^^^^^^^  ^^^^^^^^^^^^^  ^^^^^^^^^^^^                 ^^^^^^^^^^^^^^
1211 |             SliceBackwardWriter, Word16Reader, Word32Reader, rans_byte_alias_build_table,
     |             ^^^^^^^^^^^^^^^^^^^  ^^^^^^^^^^^^  ^^^^^^^^^^^^  ^^^^^^^^^^^^^^^^^^^^^^^^^^^
1212 |             rans_byte_alias_dec_advance, rans_byte_alias_dec_get, rans_byte_alias_dec_renorm,
     |             ^^^^^^^^^^^^^^^^^^^^^^^^^^^  ^^^^^^^^^^^^^^^^^^^^^^^  ^^^^^^^^^^^^^^^^^^^^^^^^^^
1213 |             rans_byte_alias_enc_put, rans_byte_alias_normalize_freqs, rans_byte_dec_advance,
     |             ^^^^^^^^^^^^^^^^^^^^^^^  ^^^^^^^^^^^^^^^^^^^^^^^^^^^^^^^  ^^^^^^^^^^^^^^^^^^^^^
1214 |             rans_byte_dec_advance_step, rans_byte_dec_advance_symbol,
     |             ^^^^^^^^^^^^^^^^^^^^^^^^^^  ^^^^^^^^^^^^^^^^^^^^^^^^^^^^
1215 |             rans_byte_dec_advance_symbol_step, rans_byte_dec_get, rans_byte_dec_init,
     |             ^^^^^^^^^^^^^^^^^^^^^^^^^^^^^^^^^  ^^^^^^^^^^^^^^^^^  ^^^^^^^^^^^^^^^^^^
1216 |             rans_byte_dec_renorm, rans_byte_enc_flush, rans_byte_enc_put, rans_byte_enc_put_symbol,
     |             ^^^^^^^^^^^^^^^^^^^^  ^^^^^^^^^^^^^^^^^^^  ^^^^^^^^^^^^^^^^^  ^^^^^^^^^^^^^^^^^^^^^^^^
1217 |             rans_word_dec_init, rans_word_dec_renorm, rans_word_dec_sym, rans_word_enc_flush,
     |             ^^^^^^^^^^^^^^^^^^  ^^^^^^^^^^^^^^^^^^^^  ^^^^^^^^^^^^^^^^^
1218 |             rans_word_enc_put, rans64_dec_advance, rans64_dec_advance_step,
     |                                ^^^^^^^^^^^^^^^^^^  ^^^^^^^^^^^^^^^^^^^^^^^
1219 |             rans64_dec_advance_symbol, rans64_dec_advance_symbol_step, rans64_dec_get,
     |             ^^^^^^^^^^^^^^^^^^^^^^^^^  ^^^^^^^^^^^^^^^^^^^^^^^^^^^^^^  ^^^^^^^^^^^^^^
1220 |             rans64_dec_init, rans64_dec_renorm, rans64_enc_flush, rans64_enc_put,
     |             ^^^^^^^^^^^^^^^  ^^^^^^^^^^^^^^^^^  ^^^^^^^^^^^^^^^^  ^^^^^^^^^^^^^^
1221 |             rans64_enc_put_symbol,
     |             ^^^^^^^^^^^^^^^^^^^^^
...
1750 |     use_core!();
     |     ----------- in this macro invocation
     |
     = note: this warning originates in the macro `use_core` (in Nightly builds, run with -Z macro-backtrace for more info)

warning: unused imports: `ALIAS_LOG2_NSYMS`, `ALIAS_NSYMS`, `AliasTable`, `BackwardByteWriter`, `BackwardWord16Writer`, `BackwardWord32Writer`, `ByteInterleavedDecoder`, `ByteInterleavedEncoder`, `ByteReader`, `ForwardReader`, `Rans64DecSymbol`, `Rans64EncSymbol`, `Rans64State`, `RansByteDecSymbol`, `RansByteEncSymbol`, `RansByteState`, `RansWordState`, `SliceBackwardWriter`, `Word32Reader`, `rans64_dec_advance_step`, `rans64_dec_advance_symbol_step`, `rans64_dec_advance_symbol`, `rans64_dec_advance`, `rans64_dec_get`, `rans64_dec_init`, `rans64_dec_renorm`, `rans64_enc_flush`, `rans64_enc_put_symbol`, `rans64_enc_put`, `rans_byte_alias_build_table`, `rans_byte_alias_dec_advance`, `rans_byte_alias_dec_get`, `rans_byte_alias_dec_renorm`, `rans_byte_alias_enc_put`, `rans_byte_alias_normalize_freqs`, `rans_byte_dec_advance_step`, `rans_byte_dec_advance_symbol_step`, `rans_byte_dec_advance_symbol`, `rans_byte_dec_advance`, `rans_byte_dec_get`, `rans_byte_dec_init`, `rans_byte_dec_renorm`, `rans_byte_enc_flush`, `rans_byte_enc_put_symbol`, `rans_byte_enc_put`, `rans_word_enc_flush`, and `rans_word_enc_put`
    --> crates/ryg-rans-rs-oracle/src/lib.rs:1207:13
     |
1207 |             ALIAS_LOG2_NSYMS, ALIAS_NSYMS, AliasTable, BackwardByteWriter, BackwardWord16Writer,
     |             ^^^^^^^^^^^^^^^^  ^^^^^^^^^^^  ^^^^^^^^^^  ^^^^^^^^^^^^^^^^^^  ^^^^^^^^^^^^^^^^^^^^
1208 |             BackwardWord32Writer, ByteInterleavedDecoder, ByteInterleavedEncoder, ByteReader,
     |             ^^^^^^^^^^^^^^^^^^^^  ^^^^^^^^^^^^^^^^^^^^^^  ^^^^^^^^^^^^^^^^^^^^^^  ^^^^^^^^^^
1209 |             ForwardReader, Rans64DecSymbol, Rans64EncSymbol, Rans64State, RansByteDecSymbol,
     |             ^^^^^^^^^^^^^  ^^^^^^^^^^^^^^^  ^^^^^^^^^^^^^^^  ^^^^^^^^^^^  ^^^^^^^^^^^^^^^^^
1210 |             RansByteEncSymbol, RansByteState, RansWordSlot, RansWordState, RansWordTables,
     |             ^^^^^^^^^^^^^^^^^  ^^^^^^^^^^^^^                ^^^^^^^^^^^^^
1211 |             SliceBackwardWriter, Word16Reader, Word32Reader, rans_byte_alias_build_table,
     |             ^^^^^^^^^^^^^^^^^^^                ^^^^^^^^^^^^  ^^^^^^^^^^^^^^^^^^^^^^^^^^^
1212 |             rans_byte_alias_dec_advance, rans_byte_alias_dec_get, rans_byte_alias_dec_renorm,
     |             ^^^^^^^^^^^^^^^^^^^^^^^^^^^  ^^^^^^^^^^^^^^^^^^^^^^^  ^^^^^^^^^^^^^^^^^^^^^^^^^^
1213 |             rans_byte_alias_enc_put, rans_byte_alias_normalize_freqs, rans_byte_dec_advance,
     |             ^^^^^^^^^^^^^^^^^^^^^^^  ^^^^^^^^^^^^^^^^^^^^^^^^^^^^^^^  ^^^^^^^^^^^^^^^^^^^^^
1214 |             rans_byte_dec_advance_step, rans_byte_dec_advance_symbol,
     |             ^^^^^^^^^^^^^^^^^^^^^^^^^^  ^^^^^^^^^^^^^^^^^^^^^^^^^^^^
1215 |             rans_byte_dec_advance_symbol_step, rans_byte_dec_get, rans_byte_dec_init,
     |             ^^^^^^^^^^^^^^^^^^^^^^^^^^^^^^^^^  ^^^^^^^^^^^^^^^^^  ^^^^^^^^^^^^^^^^^^
1216 |             rans_byte_dec_renorm, rans_byte_enc_flush, rans_byte_enc_put, rans_byte_enc_put_symbol,
     |             ^^^^^^^^^^^^^^^^^^^^  ^^^^^^^^^^^^^^^^^^^  ^^^^^^^^^^^^^^^^^  ^^^^^^^^^^^^^^^^^^^^^^^^
1217 |             rans_word_dec_init, rans_word_dec_renorm, rans_word_dec_sym, rans_word_enc_flush,
     |                                                                          ^^^^^^^^^^^^^^^^^^^
1218 |             rans_word_enc_put, rans64_dec_advance, rans64_dec_advance_step,
     |             ^^^^^^^^^^^^^^^^^  ^^^^^^^^^^^^^^^^^^  ^^^^^^^^^^^^^^^^^^^^^^^
1219 |             rans64_dec_advance_symbol, rans64_dec_advance_symbol_step, rans64_dec_get,
     |             ^^^^^^^^^^^^^^^^^^^^^^^^^  ^^^^^^^^^^^^^^^^^^^^^^^^^^^^^^  ^^^^^^^^^^^^^^
1220 |             rans64_dec_init, rans64_dec_renorm, rans64_enc_flush, rans64_enc_put,
     |             ^^^^^^^^^^^^^^^  ^^^^^^^^^^^^^^^^^  ^^^^^^^^^^^^^^^^  ^^^^^^^^^^^^^^
1221 |             rans64_enc_put_symbol,
     |             ^^^^^^^^^^^^^^^^^^^^^
...
1807 |     use_core!();
     |     ----------- in this macro invocation
     |
     = note: this warning originates in the macro `use_core` (in Nightly builds, run with -Z macro-backtrace for more info)

warning: unused imports: `ALIAS_LOG2_NSYMS`, `ALIAS_NSYMS`, `AliasTable`, `BackwardWord16Writer`, `BackwardWord32Writer`, `ByteInterleavedDecoder`, `ByteInterleavedEncoder`, `ByteReader`, `ForwardReader`, `Rans64DecSymbol`, `Rans64EncSymbol`, `Rans64State`, `RansByteDecSymbol`, `RansByteEncSymbol`, `RansWordSlot`, `RansWordState`, `RansWordTables`, `SliceBackwardWriter`, `Word16Reader`, `Word32Reader`, `rans64_dec_advance_step`, `rans64_dec_advance_symbol_step`, `rans64_dec_advance_symbol`, `rans64_dec_advance`, `rans64_dec_get`, `rans64_dec_init`, `rans64_dec_renorm`, `rans64_enc_flush`, `rans64_enc_put_symbol`, `rans64_enc_put`, `rans_byte_alias_dec_advance`, `rans_byte_alias_dec_get`, `rans_byte_alias_dec_renorm`, `rans_byte_dec_advance_step`, `rans_byte_dec_advance_symbol_step`, `rans_byte_dec_advance_symbol`, `rans_byte_dec_advance`, `rans_byte_dec_get`, `rans_byte_dec_init`, `rans_byte_dec_renorm`, `rans_byte_enc_put_symbol`, `rans_byte_enc_put`, `rans_word_dec_init`, `rans_word_dec_renorm`, `rans_word_dec_sym`, `rans_word_enc_flush`, and `rans_word_enc_put`
    --> crates/ryg-rans-rs-oracle/src/lib.rs:1207:13
     |
1207 |             ALIAS_LOG2_NSYMS, ALIAS_NSYMS, AliasTable, BackwardByteWriter, BackwardWord16Writer,
     |             ^^^^^^^^^^^^^^^^  ^^^^^^^^^^^  ^^^^^^^^^^                      ^^^^^^^^^^^^^^^^^^^^
1208 |             BackwardWord32Writer, ByteInterleavedDecoder, ByteInterleavedEncoder, ByteReader,
     |             ^^^^^^^^^^^^^^^^^^^^  ^^^^^^^^^^^^^^^^^^^^^^  ^^^^^^^^^^^^^^^^^^^^^^  ^^^^^^^^^^
1209 |             ForwardReader, Rans64DecSymbol, Rans64EncSymbol, Rans64State, RansByteDecSymbol,
     |             ^^^^^^^^^^^^^  ^^^^^^^^^^^^^^^  ^^^^^^^^^^^^^^^  ^^^^^^^^^^^  ^^^^^^^^^^^^^^^^^
1210 |             RansByteEncSymbol, RansByteState, RansWordSlot, RansWordState, RansWordTables,
     |             ^^^^^^^^^^^^^^^^^                 ^^^^^^^^^^^^  ^^^^^^^^^^^^^  ^^^^^^^^^^^^^^
1211 |             SliceBackwardWriter, Word16Reader, Word32Reader, rans_byte_alias_build_table,
     |             ^^^^^^^^^^^^^^^^^^^  ^^^^^^^^^^^^  ^^^^^^^^^^^^
1212 |             rans_byte_alias_dec_advance, rans_byte_alias_dec_get, rans_byte_alias_dec_renorm,
     |             ^^^^^^^^^^^^^^^^^^^^^^^^^^^  ^^^^^^^^^^^^^^^^^^^^^^^  ^^^^^^^^^^^^^^^^^^^^^^^^^^
1213 |             rans_byte_alias_enc_put, rans_byte_alias_normalize_freqs, rans_byte_dec_advance,
     |                                                                       ^^^^^^^^^^^^^^^^^^^^^
1214 |             rans_byte_dec_advance_step, rans_byte_dec_advance_symbol,
     |             ^^^^^^^^^^^^^^^^^^^^^^^^^^  ^^^^^^^^^^^^^^^^^^^^^^^^^^^^
1215 |             rans_byte_dec_advance_symbol_step, rans_byte_dec_get, rans_byte_dec_init,
     |             ^^^^^^^^^^^^^^^^^^^^^^^^^^^^^^^^^  ^^^^^^^^^^^^^^^^^  ^^^^^^^^^^^^^^^^^^
1216 |             rans_byte_dec_renorm, rans_byte_enc_flush, rans_byte_enc_put, rans_byte_enc_put_symbol,
     |             ^^^^^^^^^^^^^^^^^^^^                       ^^^^^^^^^^^^^^^^^  ^^^^^^^^^^^^^^^^^^^^^^^^
1217 |             rans_word_dec_init, rans_word_dec_renorm, rans_word_dec_sym, rans_word_enc_flush,
     |             ^^^^^^^^^^^^^^^^^^  ^^^^^^^^^^^^^^^^^^^^  ^^^^^^^^^^^^^^^^^  ^^^^^^^^^^^^^^^^^^^
1218 |             rans_word_enc_put, rans64_dec_advance, rans64_dec_advance_step,
     |             ^^^^^^^^^^^^^^^^^  ^^^^^^^^^^^^^^^^^^  ^^^^^^^^^^^^^^^^^^^^^^^
1219 |             rans64_dec_advance_symbol, rans64_dec_advance_symbol_step, rans64_dec_get,
     |             ^^^^^^^^^^^^^^^^^^^^^^^^^  ^^^^^^^^^^^^^^^^^^^^^^^^^^^^^^  ^^^^^^^^^^^^^^
1220 |             rans64_dec_init, rans64_dec_renorm, rans64_enc_flush, rans64_enc_put,
     |             ^^^^^^^^^^^^^^^  ^^^^^^^^^^^^^^^^^  ^^^^^^^^^^^^^^^^  ^^^^^^^^^^^^^^
1221 |             rans64_enc_put_symbol,
     |             ^^^^^^^^^^^^^^^^^^^^^
...
1872 |     use_core!();
     |     ----------- in this macro invocation
     |
     = note: this warning originates in the macro `use_core` (in Nightly builds, run with -Z macro-backtrace for more info)

warning: unused imports: `ALIAS_LOG2_NSYMS`, `ALIAS_NSYMS`, `AliasTable`, `BackwardByteWriter`, `BackwardWord16Writer`, `BackwardWord32Writer`, `ByteInterleavedDecoder`, `ByteInterleavedEncoder`, `ForwardReader`, `Rans64DecSymbol`, `Rans64EncSymbol`, `Rans64State`, `RansByteDecSymbol`, `RansByteEncSymbol`, `RansByteState`, `RansWordSlot`, `RansWordState`, `RansWordTables`, `SliceBackwardWriter`, `Word16Reader`, `Word32Reader`, `rans64_dec_advance_step`, `rans64_dec_advance_symbol_step`, `rans64_dec_advance_symbol`, `rans64_dec_advance`, `rans64_dec_get`, `rans64_dec_init`, `rans64_dec_renorm`, `rans64_enc_flush`, `rans64_enc_put_symbol`, `rans64_enc_put`, `rans_byte_alias_dec_get`, `rans_byte_alias_dec_renorm`, `rans_byte_alias_enc_put`, `rans_byte_dec_advance_step`, `rans_byte_dec_advance_symbol_step`, `rans_byte_dec_advance_symbol`, `rans_byte_dec_advance`, `rans_byte_dec_get`, `rans_byte_dec_renorm`, `rans_byte_enc_flush`, `rans_byte_enc_put_symbol`, `rans_byte_enc_put`, `rans_word_dec_init`, `rans_word_dec_renorm`, `rans_word_dec_sym`, `rans_word_enc_flush`, and `rans_word_enc_put`
    --> crates/ryg-rans-rs-oracle/src/lib.rs:1207:13
     |
1207 |             ALIAS_LOG2_NSYMS, ALIAS_NSYMS, AliasTable, BackwardByteWriter, BackwardWord16Writer,
     |             ^^^^^^^^^^^^^^^^  ^^^^^^^^^^^  ^^^^^^^^^^  ^^^^^^^^^^^^^^^^^^  ^^^^^^^^^^^^^^^^^^^^
1208 |             BackwardWord32Writer, ByteInterleavedDecoder, ByteInterleavedEncoder, ByteReader,
     |             ^^^^^^^^^^^^^^^^^^^^  ^^^^^^^^^^^^^^^^^^^^^^  ^^^^^^^^^^^^^^^^^^^^^^
1209 |             ForwardReader, Rans64DecSymbol, Rans64EncSymbol, Rans64State, RansByteDecSymbol,
     |             ^^^^^^^^^^^^^  ^^^^^^^^^^^^^^^  ^^^^^^^^^^^^^^^  ^^^^^^^^^^^  ^^^^^^^^^^^^^^^^^
1210 |             RansByteEncSymbol, RansByteState, RansWordSlot, RansWordState, RansWordTables,
     |             ^^^^^^^^^^^^^^^^^  ^^^^^^^^^^^^^  ^^^^^^^^^^^^  ^^^^^^^^^^^^^  ^^^^^^^^^^^^^^
1211 |             SliceBackwardWriter, Word16Reader, Word32Reader, rans_byte_alias_build_table,
     |             ^^^^^^^^^^^^^^^^^^^  ^^^^^^^^^^^^  ^^^^^^^^^^^^
1212 |             rans_byte_alias_dec_advance, rans_byte_alias_dec_get, rans_byte_alias_dec_renorm,
     |                                          ^^^^^^^^^^^^^^^^^^^^^^^  ^^^^^^^^^^^^^^^^^^^^^^^^^^
1213 |             rans_byte_alias_enc_put, rans_byte_alias_normalize_freqs, rans_byte_dec_advance,
     |             ^^^^^^^^^^^^^^^^^^^^^^^                                   ^^^^^^^^^^^^^^^^^^^^^
1214 |             rans_byte_dec_advance_step, rans_byte_dec_advance_symbol,
     |             ^^^^^^^^^^^^^^^^^^^^^^^^^^  ^^^^^^^^^^^^^^^^^^^^^^^^^^^^
1215 |             rans_byte_dec_advance_symbol_step, rans_byte_dec_get, rans_byte_dec_init,
     |             ^^^^^^^^^^^^^^^^^^^^^^^^^^^^^^^^^  ^^^^^^^^^^^^^^^^^
1216 |             rans_byte_dec_renorm, rans_byte_enc_flush, rans_byte_enc_put, rans_byte_enc_put_symbol,
     |             ^^^^^^^^^^^^^^^^^^^^  ^^^^^^^^^^^^^^^^^^^  ^^^^^^^^^^^^^^^^^  ^^^^^^^^^^^^^^^^^^^^^^^^
1217 |             rans_word_dec_init, rans_word_dec_renorm, rans_word_dec_sym, rans_word_enc_flush,
     |             ^^^^^^^^^^^^^^^^^^  ^^^^^^^^^^^^^^^^^^^^  ^^^^^^^^^^^^^^^^^  ^^^^^^^^^^^^^^^^^^^
1218 |             rans_word_enc_put, rans64_dec_advance, rans64_dec_advance_step,
     |             ^^^^^^^^^^^^^^^^^  ^^^^^^^^^^^^^^^^^^  ^^^^^^^^^^^^^^^^^^^^^^^
1219 |             rans64_dec_advance_symbol, rans64_dec_advance_symbol_step, rans64_dec_get,
     |             ^^^^^^^^^^^^^^^^^^^^^^^^^  ^^^^^^^^^^^^^^^^^^^^^^^^^^^^^^  ^^^^^^^^^^^^^^
1220 |             rans64_dec_init, rans64_dec_renorm, rans64_enc_flush, rans64_enc_put,
     |             ^^^^^^^^^^^^^^^  ^^^^^^^^^^^^^^^^^  ^^^^^^^^^^^^^^^^  ^^^^^^^^^^^^^^
1221 |             rans64_enc_put_symbol,
     |             ^^^^^^^^^^^^^^^^^^^^^
...
1896 |     use_core!();
     |     ----------- in this macro invocation
     |
     = note: this warning originates in the macro `use_core` (in Nightly builds, run with -Z macro-backtrace for more info)

warning: unused imports: `ALIAS_LOG2_NSYMS`, `ALIAS_NSYMS`, `AliasTable`, `BackwardWord16Writer`, `BackwardWord32Writer`, `ByteInterleavedDecoder`, `ByteInterleavedEncoder`, `ByteReader`, `ForwardReader`, `Rans64DecSymbol`, `Rans64EncSymbol`, `Rans64State`, `RansByteDecSymbol`, `RansByteEncSymbol`, `RansWordSlot`, `RansWordState`, `RansWordTables`, `SliceBackwardWriter`, `Word16Reader`, `Word32Reader`, `rans64_dec_advance_step`, `rans64_dec_advance_symbol_step`, `rans64_dec_advance_symbol`, `rans64_dec_advance`, `rans64_dec_get`, `rans64_dec_init`, `rans64_dec_renorm`, `rans64_enc_flush`, `rans64_enc_put_symbol`, `rans64_enc_put`, `rans_byte_alias_dec_advance`, `rans_byte_alias_dec_get`, `rans_byte_alias_dec_renorm`, `rans_byte_dec_advance_step`, `rans_byte_dec_advance_symbol_step`, `rans_byte_dec_advance_symbol`, `rans_byte_dec_advance`, `rans_byte_dec_get`, `rans_byte_dec_init`, `rans_byte_dec_renorm`, `rans_byte_enc_put_symbol`, `rans_byte_enc_put`, `rans_word_dec_init`, `rans_word_dec_renorm`, `rans_word_dec_sym`, `rans_word_enc_flush`, and `rans_word_enc_put`
    --> crates/ryg-rans-rs-oracle/src/lib.rs:1207:13
     |
1207 |             ALIAS_LOG2_NSYMS, ALIAS_NSYMS, AliasTable, BackwardByteWriter, BackwardWord16Writer,
     |             ^^^^^^^^^^^^^^^^  ^^^^^^^^^^^  ^^^^^^^^^^                      ^^^^^^^^^^^^^^^^^^^^
1208 |             BackwardWord32Writer, ByteInterleavedDecoder, ByteInterleavedEncoder, ByteReader,
     |             ^^^^^^^^^^^^^^^^^^^^  ^^^^^^^^^^^^^^^^^^^^^^  ^^^^^^^^^^^^^^^^^^^^^^  ^^^^^^^^^^
1209 |             ForwardReader, Rans64DecSymbol, Rans64EncSymbol, Rans64State, RansByteDecSymbol,
     |             ^^^^^^^^^^^^^  ^^^^^^^^^^^^^^^  ^^^^^^^^^^^^^^^  ^^^^^^^^^^^  ^^^^^^^^^^^^^^^^^
1210 |             RansByteEncSymbol, RansByteState, RansWordSlot, RansWordState, RansWordTables,
     |             ^^^^^^^^^^^^^^^^^                 ^^^^^^^^^^^^  ^^^^^^^^^^^^^  ^^^^^^^^^^^^^^
1211 |             SliceBackwardWriter, Word16Reader, Word32Reader, rans_byte_alias_build_table,
     |             ^^^^^^^^^^^^^^^^^^^  ^^^^^^^^^^^^  ^^^^^^^^^^^^
1212 |             rans_byte_alias_dec_advance, rans_byte_alias_dec_get, rans_byte_alias_dec_renorm,
     |             ^^^^^^^^^^^^^^^^^^^^^^^^^^^  ^^^^^^^^^^^^^^^^^^^^^^^  ^^^^^^^^^^^^^^^^^^^^^^^^^^
1213 |             rans_byte_alias_enc_put, rans_byte_alias_normalize_freqs, rans_byte_dec_advance,
     |                                                                       ^^^^^^^^^^^^^^^^^^^^^
1214 |             rans_byte_dec_advance_step, rans_byte_dec_advance_symbol,
     |             ^^^^^^^^^^^^^^^^^^^^^^^^^^  ^^^^^^^^^^^^^^^^^^^^^^^^^^^^
1215 |             rans_byte_dec_advance_symbol_step, rans_byte_dec_get, rans_byte_dec_init,
     |             ^^^^^^^^^^^^^^^^^^^^^^^^^^^^^^^^^  ^^^^^^^^^^^^^^^^^  ^^^^^^^^^^^^^^^^^^
1216 |             rans_byte_dec_renorm, rans_byte_enc_flush, rans_byte_enc_put, rans_byte_enc_put_symbol,
     |             ^^^^^^^^^^^^^^^^^^^^                       ^^^^^^^^^^^^^^^^^  ^^^^^^^^^^^^^^^^^^^^^^^^
1217 |             rans_word_dec_init, rans_word_dec_renorm, rans_word_dec_sym, rans_word_enc_flush,
     |             ^^^^^^^^^^^^^^^^^^  ^^^^^^^^^^^^^^^^^^^^  ^^^^^^^^^^^^^^^^^  ^^^^^^^^^^^^^^^^^^^
1218 |             rans_word_enc_put, rans64_dec_advance, rans64_dec_advance_step,
     |             ^^^^^^^^^^^^^^^^^  ^^^^^^^^^^^^^^^^^^  ^^^^^^^^^^^^^^^^^^^^^^^
1219 |             rans64_dec_advance_symbol, rans64_dec_advance_symbol_step, rans64_dec_get,
     |             ^^^^^^^^^^^^^^^^^^^^^^^^^  ^^^^^^^^^^^^^^^^^^^^^^^^^^^^^^  ^^^^^^^^^^^^^^
1220 |             rans64_dec_init, rans64_dec_renorm, rans64_enc_flush, rans64_enc_put,
     |             ^^^^^^^^^^^^^^^  ^^^^^^^^^^^^^^^^^  ^^^^^^^^^^^^^^^^  ^^^^^^^^^^^^^^
1221 |             rans64_enc_put_symbol,
     |             ^^^^^^^^^^^^^^^^^^^^^
...
1920 |     use_core!();
     |     ----------- in this macro invocation
     |
     = note: this warning originates in the macro `use_core` (in Nightly builds, run with -Z macro-backtrace for more info)

warning: unused imports: `ALIAS_LOG2_NSYMS`, `ALIAS_NSYMS`, `AliasTable`, `BackwardByteWriter`, `BackwardWord16Writer`, `BackwardWord32Writer`, `ByteInterleavedDecoder`, `ByteInterleavedEncoder`, `ForwardReader`, `Rans64DecSymbol`, `Rans64EncSymbol`, `Rans64State`, `RansByteDecSymbol`, `RansByteEncSymbol`, `RansByteState`, `RansWordSlot`, `RansWordState`, `RansWordTables`, `SliceBackwardWriter`, `Word16Reader`, `Word32Reader`, `rans64_dec_advance_step`, `rans64_dec_advance_symbol_step`, `rans64_dec_advance_symbol`, `rans64_dec_advance`, `rans64_dec_get`, `rans64_dec_init`, `rans64_dec_renorm`, `rans64_enc_flush`, `rans64_enc_put_symbol`, `rans64_enc_put`, `rans_byte_alias_dec_advance`, `rans_byte_alias_enc_put`, `rans_byte_dec_advance_step`, `rans_byte_dec_advance_symbol_step`, `rans_byte_dec_advance_symbol`, `rans_byte_dec_advance`, `rans_byte_dec_get`, `rans_byte_dec_renorm`, `rans_byte_enc_flush`, `rans_byte_enc_put_symbol`, `rans_byte_enc_put`, `rans_word_dec_init`, `rans_word_dec_renorm`, `rans_word_dec_sym`, `rans_word_enc_flush`, and `rans_word_enc_put`
    --> crates/ryg-rans-rs-oracle/src/lib.rs:1207:13
     |
1207 |             ALIAS_LOG2_NSYMS, ALIAS_NSYMS, AliasTable, BackwardByteWriter, BackwardWord16Writer,
     |             ^^^^^^^^^^^^^^^^  ^^^^^^^^^^^  ^^^^^^^^^^  ^^^^^^^^^^^^^^^^^^  ^^^^^^^^^^^^^^^^^^^^
1208 |             BackwardWord32Writer, ByteInterleavedDecoder, ByteInterleavedEncoder, ByteReader,
     |             ^^^^^^^^^^^^^^^^^^^^  ^^^^^^^^^^^^^^^^^^^^^^  ^^^^^^^^^^^^^^^^^^^^^^
1209 |             ForwardReader, Rans64DecSymbol, Rans64EncSymbol, Rans64State, RansByteDecSymbol,
     |             ^^^^^^^^^^^^^  ^^^^^^^^^^^^^^^  ^^^^^^^^^^^^^^^  ^^^^^^^^^^^  ^^^^^^^^^^^^^^^^^
1210 |             RansByteEncSymbol, RansByteState, RansWordSlot, RansWordState, RansWordTables,
     |             ^^^^^^^^^^^^^^^^^  ^^^^^^^^^^^^^  ^^^^^^^^^^^^  ^^^^^^^^^^^^^  ^^^^^^^^^^^^^^
1211 |             SliceBackwardWriter, Word16Reader, Word32Reader, rans_byte_alias_build_table,
     |             ^^^^^^^^^^^^^^^^^^^  ^^^^^^^^^^^^  ^^^^^^^^^^^^
1212 |             rans_byte_alias_dec_advance, rans_byte_alias_dec_get, rans_byte_alias_dec_renorm,
     |             ^^^^^^^^^^^^^^^^^^^^^^^^^^^
1213 |             rans_byte_alias_enc_put, rans_byte_alias_normalize_freqs, rans_byte_dec_advance,
     |             ^^^^^^^^^^^^^^^^^^^^^^^                                   ^^^^^^^^^^^^^^^^^^^^^
1214 |             rans_byte_dec_advance_step, rans_byte_dec_advance_symbol,
     |             ^^^^^^^^^^^^^^^^^^^^^^^^^^  ^^^^^^^^^^^^^^^^^^^^^^^^^^^^
1215 |             rans_byte_dec_advance_symbol_step, rans_byte_dec_get, rans_byte_dec_init,
     |             ^^^^^^^^^^^^^^^^^^^^^^^^^^^^^^^^^  ^^^^^^^^^^^^^^^^^
1216 |             rans_byte_dec_renorm, rans_byte_enc_flush, rans_byte_enc_put, rans_byte_enc_put_symbol,
     |             ^^^^^^^^^^^^^^^^^^^^  ^^^^^^^^^^^^^^^^^^^  ^^^^^^^^^^^^^^^^^  ^^^^^^^^^^^^^^^^^^^^^^^^
1217 |             rans_word_dec_init, rans_word_dec_renorm, rans_word_dec_sym, rans_word_enc_flush,
     |             ^^^^^^^^^^^^^^^^^^  ^^^^^^^^^^^^^^^^^^^^  ^^^^^^^^^^^^^^^^^  ^^^^^^^^^^^^^^^^^^^
1218 |             rans_word_enc_put, rans64_dec_advance, rans64_dec_advance_step,
     |             ^^^^^^^^^^^^^^^^^  ^^^^^^^^^^^^^^^^^^  ^^^^^^^^^^^^^^^^^^^^^^^
1219 |             rans64_dec_advance_symbol, rans64_dec_advance_symbol_step, rans64_dec_get,
     |             ^^^^^^^^^^^^^^^^^^^^^^^^^  ^^^^^^^^^^^^^^^^^^^^^^^^^^^^^^  ^^^^^^^^^^^^^^
1220 |             rans64_dec_init, rans64_dec_renorm, rans64_enc_flush, rans64_enc_put,
     |             ^^^^^^^^^^^^^^^  ^^^^^^^^^^^^^^^^^  ^^^^^^^^^^^^^^^^  ^^^^^^^^^^^^^^
1221 |             rans64_enc_put_symbol,
     |             ^^^^^^^^^^^^^^^^^^^^^
...
1960 |     use_core!();
     |     ----------- in this macro invocation
     |
     = note: this warning originates in the macro `use_core` (in Nightly builds, run with -Z macro-backtrace for more info)

warning: unused imports: `ALIAS_LOG2_NSYMS`, `ALIAS_NSYMS`, `AliasTable`, `BackwardByteWriter`, `BackwardWord32Writer`, `ByteInterleavedDecoder`, `ByteInterleavedEncoder`, `ByteReader`, `ForwardReader`, `Rans64DecSymbol`, `Rans64EncSymbol`, `Rans64State`, `RansByteDecSymbol`, `RansByteEncSymbol`, `RansByteState`, `RansWordSlot`, `RansWordTables`, `SliceBackwardWriter`, `Word16Reader`, `Word32Reader`, `rans64_dec_advance_step`, `rans64_dec_advance_symbol_step`, `rans64_dec_advance_symbol`, `rans64_dec_advance`, `rans64_dec_get`, `rans64_dec_init`, `rans64_dec_renorm`, `rans64_enc_flush`, `rans64_enc_put_symbol`, `rans64_enc_put`, `rans_byte_alias_build_table`, `rans_byte_alias_dec_advance`, `rans_byte_alias_dec_get`, `rans_byte_alias_dec_renorm`, `rans_byte_alias_enc_put`, `rans_byte_alias_normalize_freqs`, `rans_byte_dec_advance_step`, `rans_byte_dec_advance_symbol_step`, `rans_byte_dec_advance_symbol`, `rans_byte_dec_advance`, `rans_byte_dec_get`, `rans_byte_dec_init`, `rans_byte_dec_renorm`, `rans_byte_enc_flush`, `rans_byte_enc_put_symbol`, `rans_byte_enc_put`, `rans_word_dec_init`, `rans_word_dec_renorm`, and `rans_word_dec_sym`
    --> crates/ryg-rans-rs-oracle/src/lib.rs:1207:13
     |
1207 |             ALIAS_LOG2_NSYMS, ALIAS_NSYMS, AliasTable, BackwardByteWriter, BackwardWord16Writer,
     |             ^^^^^^^^^^^^^^^^  ^^^^^^^^^^^  ^^^^^^^^^^  ^^^^^^^^^^^^^^^^^^
1208 |             BackwardWord32Writer, ByteInterleavedDecoder, ByteInterleavedEncoder, ByteReader,
     |             ^^^^^^^^^^^^^^^^^^^^  ^^^^^^^^^^^^^^^^^^^^^^  ^^^^^^^^^^^^^^^^^^^^^^  ^^^^^^^^^^
1209 |             ForwardReader, Rans64DecSymbol, Rans64EncSymbol, Rans64State, RansByteDecSymbol,
     |             ^^^^^^^^^^^^^  ^^^^^^^^^^^^^^^  ^^^^^^^^^^^^^^^  ^^^^^^^^^^^  ^^^^^^^^^^^^^^^^^
1210 |             RansByteEncSymbol, RansByteState, RansWordSlot, RansWordState, RansWordTables,
     |             ^^^^^^^^^^^^^^^^^  ^^^^^^^^^^^^^  ^^^^^^^^^^^^                 ^^^^^^^^^^^^^^
1211 |             SliceBackwardWriter, Word16Reader, Word32Reader, rans_byte_alias_build_table,
     |             ^^^^^^^^^^^^^^^^^^^  ^^^^^^^^^^^^  ^^^^^^^^^^^^  ^^^^^^^^^^^^^^^^^^^^^^^^^^^
1212 |             rans_byte_alias_dec_advance, rans_byte_alias_dec_get, rans_byte_alias_dec_renorm,
     |             ^^^^^^^^^^^^^^^^^^^^^^^^^^^  ^^^^^^^^^^^^^^^^^^^^^^^  ^^^^^^^^^^^^^^^^^^^^^^^^^^
1213 |             rans_byte_alias_enc_put, rans_byte_alias_normalize_freqs, rans_byte_dec_advance,
     |             ^^^^^^^^^^^^^^^^^^^^^^^  ^^^^^^^^^^^^^^^^^^^^^^^^^^^^^^^  ^^^^^^^^^^^^^^^^^^^^^
1214 |             rans_byte_dec_advance_step, rans_byte_dec_advance_symbol,
     |             ^^^^^^^^^^^^^^^^^^^^^^^^^^  ^^^^^^^^^^^^^^^^^^^^^^^^^^^^
1215 |             rans_byte_dec_advance_symbol_step, rans_byte_dec_get, rans_byte_dec_init,
     |             ^^^^^^^^^^^^^^^^^^^^^^^^^^^^^^^^^  ^^^^^^^^^^^^^^^^^  ^^^^^^^^^^^^^^^^^^
1216 |             rans_byte_dec_renorm, rans_byte_enc_flush, rans_byte_enc_put, rans_byte_enc_put_symbol,
     |             ^^^^^^^^^^^^^^^^^^^^  ^^^^^^^^^^^^^^^^^^^  ^^^^^^^^^^^^^^^^^  ^^^^^^^^^^^^^^^^^^^^^^^^
1217 |             rans_word_dec_init, rans_word_dec_renorm, rans_word_dec_sym, rans_word_enc_flush,
     |             ^^^^^^^^^^^^^^^^^^  ^^^^^^^^^^^^^^^^^^^^  ^^^^^^^^^^^^^^^^^
1218 |             rans_word_enc_put, rans64_dec_advance, rans64_dec_advance_step,
     |                                ^^^^^^^^^^^^^^^^^^  ^^^^^^^^^^^^^^^^^^^^^^^
1219 |             rans64_dec_advance_symbol, rans64_dec_advance_symbol_step, rans64_dec_get,
     |             ^^^^^^^^^^^^^^^^^^^^^^^^^  ^^^^^^^^^^^^^^^^^^^^^^^^^^^^^^  ^^^^^^^^^^^^^^
1220 |             rans64_dec_init, rans64_dec_renorm, rans64_enc_flush, rans64_enc_put,
     |             ^^^^^^^^^^^^^^^  ^^^^^^^^^^^^^^^^^  ^^^^^^^^^^^^^^^^  ^^^^^^^^^^^^^^
1221 |             rans64_enc_put_symbol,
     |             ^^^^^^^^^^^^^^^^^^^^^
...
2443 |     use_core!();
     |     ----------- in this macro invocation
     |
     = note: this warning originates in the macro `use_core` (in Nightly builds, run with -Z macro-backtrace for more info)

warning: unused variable: `e`
   --> crates/ryg-rans-rs-oracle/src/phase_g.rs:258:21
    |
258 |                 Err(e) => (String::new(), Vec::new(), false),
    |                     ^ help: if this is intentional, prefix it with an underscore: `_e`
    |
    = note: `#[warn(unused_variables)]` (part of `#[warn(unused)]`) on by default

warning: unnecessary `unsafe` block
   --> crates/ryg-rans-rs-oracle/src/phase_g.rs:662:13
    |
662 |             unsafe {
    |             ^^^^^^ unnecessary `unsafe` block
    |
    = note: `#[warn(unused_unsafe)]` (part of `#[warn(unused)]`) on by default

warning: variable does not need to be mutable
   --> crates/ryg-rans-rs-oracle/src/phase_g.rs:659:13
    |
659 |         let mut twx8_self_decode = false;
    |             ----^^^^^^^^^^^^^^^^
    |             |
    |             help: remove this `mut`
    |
    = note: `#[warn(unused_mut)]` (part of `#[warn(unused)]`) on by default

warning: variable does not need to be mutable
   --> crates/ryg-rans-rs-oracle/src/phase_g.rs:660:13
    |
660 |         let mut twx8_scalar_agree = false;
    |             ----^^^^^^^^^^^^^^^^^
    |             |
    |             help: remove this `mut`

warning: unused variable: `case_seed`
   --> crates/ryg-rans-rs-oracle/src/lib.rs:866:13
    |
866 |         let case_seed = seed.wrapping_add(case_idx as u64);
    |             ^^^^^^^^^ help: if this is intentional, prefix it with an underscore: `_case_seed`

warning: unused variable: `num_cases`
    --> crates/ryg-rans-rs-oracle/src/lib.rs:1172:5
     |
1172 |     num_cases: usize,
     |     ^^^^^^^^^ help: if this is intentional, prefix it with an underscore: `_num_cases`

warning: unused variable: `num_cases`
    --> crates/ryg-rans-rs-oracle/src/lib.rs:1189:5
     |
1189 |     num_cases: usize,
     |     ^^^^^^^^^ help: if this is intentional, prefix it with an underscore: `_num_cases`

warning: variable does not need to be mutable
    --> crates/ryg-rans-rs-oracle/src/lib.rs:1403:9
     |
1403 |     let mut enc_one = |state: &mut RansByteState,
     |         ----^^^^^^^
     |         |
     |         help: remove this `mut`

warning: variable does not need to be mutable
    --> crates/ryg-rans-rs-oracle/src/lib.rs:1544:9
     |
1544 |     let mut enc_one = |state: &mut Rans64State,
     |         ----^^^^^^^
     |         |
     |         help: remove this `mut`

warning: unreachable pattern
    --> crates/ryg-rans-rs-oracle/src/lib.rs:2646:25
     |
2645 |                         Ok((s, _backend)) => s == input && dec == s,
     |                         ----------------- matches all the relevant values
2646 |                         Ok((s, _backend)) => s == input && dec == s,
     |                         ^^^^^^^^^^^^^^^^^ no value can reach this
     |
     = note: `#[warn(unreachable_patterns)]` (part of `#[warn(unused)]`) on by default

warning: `ryg-rans-rs-oracle` (lib) generated 32 warnings (run `cargo fix --lib -p ryg-rans-rs-oracle` to apply 29 suggestions)
warning: unused imports: `CaseManifest`, `CourtConfig`, and `Receipt`
 --> crates/ryg-rans-rs-oracle/src/main.rs:1:26
  |
1 | use ryg_rans_rs_oracle::{CaseManifest, CourtConfig, CourtPath, ModelProfile, Receipt};
  |                          ^^^^^^^^^^^^  ^^^^^^^^^^^                           ^^^^^^^
  |
  = note: `#[warn(unused_imports)]` (part of `#[warn(unused)]`) on by default

warning: unused import: `std::path::Path`
 --> crates/ryg-rans-rs-oracle/src/main.rs:2:5
  |
2 | use std::path::Path;
  |     ^^^^^^^^^^^^^^^

warning: unused imports: `backends::DecodeBackend` and `self`
  --> crates/ryg-rans-rs-oracle/src/bin/perf.rs:24:5
   |
24 |     backends::DecodeBackend,
   |     ^^^^^^^^^^^^^^^^^^^^^^^
...
27 |         self, PackedWordTable, decode_8way_packed_scalar, decode_8way_packed_scalar_with_rep...
   |         ^^^^
   |
   = note: `#[warn(unused_imports)]` (part of `#[warn(unused)]`) on by default

warning: unexpected `cfg` condition value: `std`
   --> crates/ryg-rans-rs-oracle/src/bin/perf.rs:488:52
    |
488 |             #[cfg(any(target_feature = "avx512bw", feature = "std"))]
    |                                                    ^^^^^^^^^^^^^^^ help: remove the condition
    |
    = note: no expected values for `feature`
    = help: consider adding `std` as a feature in `Cargo.toml`
    = note: see <https://doc.rust-lang.org/nightly/rustc/check-cfg/cargo-specifics.html> for more information about checking conditional configuration
    = note: `#[warn(unexpected_cfgs)]` on by default

warning: unexpected `cfg` condition value: `std`
   --> crates/ryg-rans-rs-oracle/src/bin/perf.rs:510:56
    |
510 |             #[cfg(not(any(target_feature = "avx512bw", feature = "std")))]
    |                                                        ^^^^^^^^^^^^^^^ help: remove the condition
    |
    = note: no expected values for `feature`
    = help: consider adding `std` as a feature in `Cargo.toml`
    = note: see <https://doc.rust-lang.org/nightly/rustc/check-cfg/cargo-specifics.html> for more information about checking conditional configuration

warning: unexpected `cfg` condition value: `std`
   --> crates/ryg-rans-rs-oracle/src/bin/perf.rs:811:52
    |
811 |             #[cfg(any(target_feature = "avx512bw", feature = "std"))]
    |                                                    ^^^^^^^^^^^^^^^ help: remove the condition
    |
    = note: no expected values for `feature`
    = help: consider adding `std` as a feature in `Cargo.toml`
    = note: see <https://doc.rust-lang.org/nightly/rustc/check-cfg/cargo-specifics.html> for more information about checking conditional configuration

warning: `ryg-rans-rs-oracle` (bin "ryg-rans-rs-oracle") generated 2 warnings (run `cargo fix --bin "ryg-rans-rs-oracle" -p ryg-rans-rs-oracle` to apply 2 suggestions)
warning: unused variable: `scalar16_ok`
   --> crates/ryg-rans-rs-oracle/src/bin/perf.rs:304:17
    |
304 |             let scalar16_ok = scalar16_output == input;
    |                 ^^^^^^^^^^^ help: if this is intentional, prefix it with an underscore: `_scalar16_ok`
    |
    = note: `#[warn(unused_variables)]` (part of `#[warn(unused)]`) on by default

warning: unused variable: `n_iter`
   --> crates/ryg-rans-rs-oracle/src/bin/perf.rs:307:17
    |
307 |             let n_iter = (100_000_000u64 / size.max(1) as u64).max(20).min(500_000);
    |                 ^^^^^^ help: if this is intentional, prefix it with an underscore: `_n_iter`

warning: unused variable: `uniform_tf_ok`
   --> crates/ryg-rans-rs-oracle/src/bin/perf.rs:511:17
    |
511 |             let uniform_tf_ok = false;
    |                 ^^^^^^^^^^^^^ help: if this is intentional, prefix it with an underscore: `_uniform_tf_ok`

warning: `ryg-rans-rs-oracle` (bin "perf") generated 7 warnings (run `cargo fix --bin "perf" -p ryg-rans-rs-oracle` to apply 4 suggestions)
    Checking half v2.7.1
    Checking ppv-lite86 v0.2.21
    Checking ciborium-ll v0.2.2
    Checking rand_chacha v0.3.1
    Checking ciborium v0.2.2
    Checking rand v0.8.7
    Checking criterion v0.5.1
    Checking ryg-rans-rs-bench v0.1.30 (/tmp/ryg-baseline/crates/ryg-rans-rs-bench)
warning: variable does not need to be mutable
  --> crates/ryg-rans-rs-bench/src/common/metadata.rs:51:13
   |
51 |         let mut features = Vec::new();
   |             ----^^^^^^^^
   |             |
   |             help: remove this `mut`
   |
   = note: `#[warn(unused_mut)]` (part of `#[warn(unused)]`) on by default

warning: variable does not need to be mutable
   --> crates/ryg-rans-rs-bench/src/exporter.rs:533:17
    |
533 |             let mut record = parse_estimate_file(&path, root, metadata, runtime_features)?;
    |                 ----^^^^^^
    |                 |
    |                 help: remove this `mut`

warning: `ryg-rans-rs-bench` (lib) generated 2 warnings (run `cargo fix --lib -p ryg-rans-rs-bench` to apply 2 suggestions)
    Checking xtask v0.1.0 (/tmp/ryg-baseline/xtask)
    Finished `dev` profile [unoptimized + debuginfo] target(s) in 3.77s
EXIT:0
